warning: `skip_serializing` does not skip deserializing this field
  --> $DIR/main.rs:15:5
   |
LL |     #[serde(skip_serializing)]
   |     ^^^^^^^^^^^^^^^^^^^^^^^^^^
   |
   = help: use `skip`, add `skip_deserializing`, or provide a default for deserialization
   = note: `#[warn(serde_skip_serializing_roundtrip)]` on by default

warning: `skip_serializing` does not skip deserializing this field
  --> $DIR/main.rs:17:5
   |
LL |     #[serde(skip_serializing)]
   |     ^^^^^^^^^^^^^^^^^^^^^^^^^^
   |
   = help: use `skip`, add `skip_deserializing`, or provide a default for deserialization

warning: `skip_serializing` does not skip deserializing this field
  --> $DIR/main.rs:45:5
   |
LL |     #[serde(skip_serializing, with = "hash_format")]
   |     ^^^^^^^^^^^^^^^^^^^^^^^^^^^^^^^^^^^^^^^^^^^^^^^^
   |
   = help: use `skip`, add `skip_deserializing`, or provide a default for deserialization

warning: `skip_serializing` does not skip deserializing this field
  --> $DIR/main.rs:52:9
   |
LL |         #[serde(skip_serializing)]
   |         ^^^^^^^^^^^^^^^^^^^^^^^^^^
   |
   = help: use `skip`, add `skip_deserializing`, or provide a default for deserialization

warning: 4 warnings emitted

