warning: this exclusive world access can use normal system parameters
  --> $DIR/main.rs:10:15
   |
LL | fn bad(world: &mut World) {
   |               ^^^^^^^^^^
   |
   = help: replace &mut World with typed Query, Res, ResMut, or entity parameters
   = note: `#[warn(bevy_narrow_exclusive_system)]` on by default

warning: this exclusive world access can use normal system parameters
  --> $DIR/main.rs:15:24
   |
LL | fn bad_resource(world: &mut World) {
   |                        ^^^^^^^^^^
   |
   = help: replace &mut World with typed Query, Res, ResMut, or entity parameters

warning: this exclusive world access can use normal system parameters
  --> $DIR/main.rs:19:26
   |
LL | fn bad_configured(world: &mut World) {
   |                          ^^^^^^^^^^
   |
   = help: replace &mut World with typed Query, Res, ResMut, or entity parameters

warning: 3 warnings emitted

