warning: this thread-local guard can cross async scheduling points
  --> $DIR/main.rs:56:25
   |
LL |     let live = settings.bind_to_scope();
   |                         ^^^^^^^^^^^^^
   |
   = help: use `Settings::bind_async`
   = note: `#[warn(insta_bind_to_scope_in_async)]` on by default

warning: this thread-local guard can cross async scheduling points
  --> $DIR/main.rs:63:26
   |
LL |     let guard = settings.bind_to_scope();
   |                          ^^^^^^^^^^^^^
   |
   = help: use `Settings::bind_async`

warning: this thread-local guard can cross async scheduling points
  --> $DIR/main.rs:72:26
   |
LL |     let guard = settings.bind_to_scope();
   |                          ^^^^^^^^^^^^^
   |
   = help: use `Settings::bind_async`

warning: this thread-local guard can cross async scheduling points
  --> $DIR/main.rs:81:26
   |
LL |     let guard = settings.bind_to_scope();
   |                          ^^^^^^^^^^^^^
   |
   = help: use `Settings::bind_async`

warning: this thread-local guard can cross async scheduling points
  --> $DIR/main.rs:89:26
   |
LL |     let guard = settings.bind_to_scope();
   |                          ^^^^^^^^^^^^^
   |
   = help: use `Settings::bind_async`

warning: this thread-local guard can cross async scheduling points
  --> $DIR/main.rs:97:35
   |
LL |     let boxed = Box::new(settings.bind_to_scope());
   |                                   ^^^^^^^^^^^^^
   |
   = help: use `Settings::bind_async`

warning: this thread-local guard can cross async scheduling points
  --> $DIR/main.rs:104:31
   |
LL |     let guard = Some(settings.bind_to_scope());
   |                               ^^^^^^^^^^^^^
   |
   = help: use `Settings::bind_async`

warning: this thread-local guard can cross async scheduling points
  --> $DIR/main.rs:116:26
   |
LL |     guards.push(settings.bind_to_scope());
   |                          ^^^^^^^^^^^^^
   |
   = help: use `Settings::bind_async`

warning: this thread-local guard can cross async scheduling points
  --> $DIR/main.rs:124:26
   |
LL |     guards.push(settings.bind_to_scope());
   |                          ^^^^^^^^^^^^^
   |
   = help: use `Settings::bind_async`

warning: this thread-local guard can cross async scheduling points
  --> $DIR/main.rs:134:26
   |
LL |     guards.push(settings.bind_to_scope());
   |                          ^^^^^^^^^^^^^
   |
   = help: use `Settings::bind_async`

warning: this thread-local guard can cross async scheduling points
  --> $DIR/main.rs:161:39
   |
LL |     let wrapped = wrap_guard(settings.bind_to_scope());
   |                                       ^^^^^^^^^^^^^
   |
   = help: use `Settings::bind_async`

warning: this thread-local guard can cross async scheduling points
  --> $DIR/main.rs:168:54
   |
LL |     let guards = (settings.bind_to_scope(), settings.bind_to_scope());
   |                                                      ^^^^^^^^^^^^^
   |
   = help: use `Settings::bind_async`

warning: this thread-local guard can cross async scheduling points
  --> $DIR/main.rs:182:28
   |
LL |     let guards = (settings.bind_to_scope(),);
   |                            ^^^^^^^^^^^^^
   |
   = help: use `Settings::bind_async`

warning: this thread-local guard can cross async scheduling points
  --> $DIR/main.rs:190:63
   |
LL |     let guards = identity((settings.bind_to_scope(), settings.bind_to_scope()));
   |                                                               ^^^^^^^^^^^^^
   |
   = help: use `Settings::bind_async`

warning: this thread-local guard can cross async scheduling points
  --> $DIR/main.rs:198:52
   |
LL |     let old = ((settings.bind_to_scope(), settings.bind_to_scope()),);
   |                                                    ^^^^^^^^^^^^^
   |
   = help: use `Settings::bind_async`

warning: this thread-local guard can cross async scheduling points
  --> $DIR/main.rs:207:26
   |
LL |     let guard = settings.bind_to_scope();
   |                          ^^^^^^^^^^^^^
   |
   = help: use `Settings::bind_async`

warning: 16 warnings emitted

