warning: this Schemars attribute duplicates Serde
  --> $DIR/main.rs:8:1
   |
LL |   #[schemars(deny_unknown_fields)]
   |  _-^^^^^^^^^^^^^^^^^^^^^^^^^^^^^^^
LL | | struct Example {
   | |_- help: remove the redundant Schemars attribute
   |
   = note: `#[warn(schemars_redundant_serde_deny_unknown_fields)]` on by default

warning: this Schemars attribute duplicates Serde
  --> $DIR/main.rs:15:1
   |
LL | #[schemars(/* retain this comment */ deny_unknown_fields)]
   | ^^^^^^^^^^^^^^^^^^^^^^^^^^^^^^^^^^^^^-------------------^^
   |                                      |
   |                                      help: remove the redundant Schemars attribute

warning: this Schemars attribute duplicates Serde
  --> $DIR/main.rs:23:5
   |
LL |     #[schemars(rename_all = "camelCase", /* keep this name rule */ deny_unknown_fields)]
   |     ^^^^^^^^^^^^^^^^^^^^^^^^^^^^^^^^^^^^^^^^^^^^^^^^^^^^^^^^^^^^^^^^^^^^^^^^^^^^^^^^^^^^
   |
help: remove the redundant Schemars entry
   |
LL -     #[schemars(rename_all = "camelCase", /* keep this name rule */ deny_unknown_fields)]
LL +     #[schemars(rename_all = "camelCase" /* keep this name rule */ )]
   |

warning: 3 warnings emitted

