warning: this system mutates camera-filtered query data in `FixedUpdate`
  --> $DIR/main.rs:32:60
   |
LL |         let _registered_app = app.add_systems(FixedUpdate, move_camera);
   |                                                            ^^^^^^^^^^^
   |
   = help: schedule camera mutation in a frame-rate update schedule
   = note: `#[warn(bevy_camera_modification_in_fixed_update)]` on by default

warning: this system mutates camera-filtered query data in `FixedUpdate`
  --> $DIR/main.rs:37:27
   |
LL |             (read_camera, move_camera.run_if(always)).chain(),
   |                           ^^^^^^^^^^^
   |
   = help: schedule camera mutation in a frame-rate update schedule

warning: this system mutates camera-filtered query data in `FixedUpdate`
  --> $DIR/main.rs:41:60
   |
LL |         let _registered_app = app.add_systems(FixedUpdate, move_camera.after(read_camera));
   |                                                            ^^^^^^^^^^^
   |
   = help: schedule camera mutation in a frame-rate update schedule

warning: 3 warnings emitted

