warning: unchanged `Option` or `Result` observation can use an inspect method
  --> $DIR/main.rs:10:5
   |
LL | /     let result = operation(ok);
LL | |     if let Err(error) = &result {
LL | |         println!("{error}");
LL | |     }
   | |_____^
   |
   = help: use `inspect` or `inspect_err` on the initializer and return the chain
   = note: `#[warn(manual_passthrough_inspect)]` on by default

warning: unchanged `Option` or `Result` observation can use an inspect method
  --> $DIR/main.rs:18:5
   |
LL | /     let result = operation(ok);
LL | |     if let Ok(value) = &result {
LL | |         println!("{value}");
LL | |     }
   | |_____^
   |
   = help: use `inspect` or `inspect_err` on the initializer and return the chain

warning: unchanged `Option` or `Result` observation can use an inspect method
  --> $DIR/main.rs:27:5
   |
LL | /     let returned = lookup(ok);
LL | |     if let Some(value) = &returned {
LL | |         println!("{value}")
LL | |     }
   | |_____^
   |
   = help: use `inspect` or `inspect_err` on the initializer and return the chain

warning: 3 warnings emitted

