warning: manual `Debug` implementation looks derivable
  --> $DIR/main.rs:12:1
   |
LL | / impl Debug for User {
LL | |     fn fmt(&self, f: &mut Formatter<'_>) -> Result {
LL | |         f.debug_struct("User")
LL | |             .field("id", &self.id)
...  |
LL | | }
   | |_^
   |
   = note: `#[warn(manual_debug_impl)]` on by default
help: derive `Debug` instead; it prints the same output
   |
LL + #[derive(Debug)]
LL | struct User {
   |

warning: manual `Debug` implementation looks derivable
  --> $DIR/main.rs:23:1
   |
LL | / impl std::fmt::Debug for Point {
LL | |     fn fmt(&self, f: &mut std::fmt::Formatter<'_>) -> std::fmt::Result {
LL | |         f.debug_tuple("Point")
LL | |             .field(&self.0)
...  |
LL | | }
   | |_^
   |
help: derive `Debug` instead; it prints the same output
   |
LL + #[derive(Debug)]
LL | struct Point(i32, i32);
   |

warning: manual `Debug` implementation looks derivable
  --> $DIR/main.rs:62:1
   |
LL | / impl Debug for Empty {
LL | |     fn fmt(&self, f: &mut Formatter<'_>) -> Result {
LL | |         f.debug_struct("Empty").finish()
LL | |     }
LL | | }
   | |_^
   |
help: derive `Debug` instead; it prints the same output
   |
LL + #[derive(Debug)]
LL | struct Empty {}
   |

warning: manual `Debug` implementation looks derivable
  --> $DIR/main.rs:110:1
   |
LL | / impl Debug for Documented {
LL | |     fn fmt(&self, f: &mut Formatter<'_>) -> Result {
LL | |         f.debug_struct("Documented")
LL | |             .field("value", &self.value)
...  |
LL | | }
   | |_^
   |
   = help: derive `Debug` instead; it prints the same output

warning: 4 warnings emitted

