warning: widening `elapsed_secs()` to `f64` cannot recover its lost precision
  --> $DIR/main.rs:38:18
   |
LL |     let _ = time.elapsed_secs() as f64;
   |                  ^^^^^^^^^^^^
   |
   = note: `#[warn(bevy_time_elapsed_secs_cast_f64)]` on by default
help: call `elapsed_secs_f64()` instead
   |
LL -     let _ = time.elapsed_secs() as f64;
LL +     let _ = time.elapsed_secs_f64();
   |

warning: widening `elapsed_secs()` to `f64` cannot recover its lost precision
  --> $DIR/main.rs:39:25
   |
LL |     let _ = 2.0 * (time.elapsed_secs()) as f64;
   |                         ^^^^^^^^^^^^
   |
help: call `elapsed_secs_f64()` instead
   |
LL -     let _ = 2.0 * (time.elapsed_secs()) as f64;
LL +     let _ = 2.0 * (time.elapsed_secs_f64());
   |

warning: widening `elapsed_secs()` to `f64` cannot recover its lost precision
  --> $DIR/main.rs:40:28
   |
LL |     let _ = f64::from(real.elapsed_secs());
   |                            ^^^^^^^^^^^^
   |
help: call `elapsed_secs_f64()` instead
   |
LL -     let _ = f64::from(real.elapsed_secs());
LL +     let _ = real.elapsed_secs_f64();
   |

warning: widening `elapsed_secs()` to `f64` cannot recover its lost precision
  --> $DIR/main.rs:41:23
   |
LL |     let _: f64 = time.elapsed_secs().into();
   |                       ^^^^^^^^^^^^
   |
help: call `elapsed_secs_f64()` instead
   |
LL -     let _: f64 = time.elapsed_secs().into();
LL +     let _: f64 = time.elapsed_secs_f64();
   |

warning: widening `elapsed_secs()` to `f64` cannot recover its lost precision
  --> $DIR/main.rs:42:25
   |
LL |     let _ = widen!(time.elapsed_secs());
   |                         ^^^^^^^^^^^^
   |
   = help: call `elapsed_secs_f64()` instead

warning: 5 warnings emitted

