warning: this custom query uses at most half of its fields
  --> $DIR/main.rs:68:15
   |
LL | fn bad(query: Query<'_, '_, AgentQuery>) {
   |               ^^^^^^^^^^^^^^^^^^^^^^^^^
   |
   = help: define a smaller query type for this behavior
   = note: `#[warn(bevy_partially_used_query_data)]` on by default

warning: this custom query uses at most half of its fields
  --> $DIR/main.rs:89:36
   |
LL | fn bad_same_names_elsewhere(query: Query<'_, '_, AgentQuery>, other: &Unrelated) {
   |                                    ^^^^^^^^^^^^^^^^^^^^^^^^^
   |
   = help: define a smaller query type for this behavior

warning: this custom query uses at most half of its fields
  --> $DIR/main.rs:160:27
   |
LL | fn bad_mutable(mut query: Query<'_, '_, MutableAgentQuery>) {
   |                           ^^^^^^^^^^^^^^^^^^^^^^^^^^^^^^^^
   |
   = help: define a smaller query type for this behavior

warning: 3 warnings emitted

