warning: manual `Error` and `Display` implementations look derivable
  --> $DIR/main.rs:9:1
   |
LL | / impl Display for MissingUser {
LL | |     fn fmt(&self, f: &mut Formatter<'_>) -> std::fmt::Result {
LL | |         write!(f, "missing user {}", self.user_id)
LL | |     }
LL | | }
   | |_^
   |
   = help: use `#[derive(thiserror::Error, Debug)]` with a `#[error("...")]` message
   = note: `#[warn(manual_error_impl)]` on by default

warning: manual `Error` and `Display` implementations look derivable
  --> $DIR/main.rs:22:1
   |
LL | / impl std::fmt::Display for Qualified {
LL | |     fn fmt(&self, f: &mut std::fmt::Formatter<'_>) -> std::fmt::Result {
LL | |         write!(f, "invalid path: {}", self.path)
LL | |     }
LL | | }
   | |_^
   |
   = help: use `#[derive(thiserror::Error, Debug)]` with a `#[error("...")]` message

warning: manual `Error` and `Display` implementations look derivable
  --> $DIR/main.rs:121:1
   |
LL | / impl Display for ErrorFirst {
LL | |     fn fmt(&self, f: &mut Formatter<'_>) -> std::fmt::Result {
LL | |         write!(f, "error first")
LL | |     }
LL | | }
   | |_^
   |
   = help: use `#[derive(thiserror::Error, Debug)]` with a `#[error("...")]` message

warning: 3 warnings emitted

