warning: unit values are skipped when Bevy inserts this bundle
  --> $DIR/main.rs:35:26
   |
LL |     world.spawn((Marker, ()));
   |                          ^^
   |
   = note: `#[warn(bevy_unit_in_bundle)]` on by default
help: remove the unit value
   |
LL -     world.spawn((Marker, ()));
LL +     world.spawn((Marker,));
   |

warning: unit values are skipped when Bevy inserts this bundle
  --> $DIR/main.rs:36:18
   |
LL |     world.spawn(((), Marker));
   |                  ^^
   |
help: remove the unit value
   |
LL -     world.spawn(((), Marker));
LL +     world.spawn((Marker,));
   |

warning: unit values are skipped when Bevy inserts this bundle
  --> $DIR/main.rs:37:26
   |
LL |     world.spawn((Marker, (), Health(1)));
   |                          ^^
   |
help: remove the unit value
   |
LL -     world.spawn((Marker, (), Health(1)));
LL +     world.spawn((Marker, Health(1)));
   |

warning: unit values are skipped when Bevy inserts this bundle
  --> $DIR/main.rs:38:18
   |
LL |     world.spawn(((), (), Marker));
   |                  ^^
   |
   = help: remove the unit value or use `spawn_empty` for an empty spawn

warning: unit values are skipped when Bevy inserts this bundle
  --> $DIR/main.rs:38:22
   |
LL |     world.spawn(((), (), Marker));
   |                      ^^
   |
help: remove the unit value
   |
LL -     world.spawn(((), (), Marker));
LL +     world.spawn(((), Marker));
   |

warning: unit values are skipped when Bevy inserts this bundle
  --> $DIR/main.rs:39:38
   |
LL |     world.spawn((Marker, (Health(1), ())));
   |                                      ^^
   |
help: remove the unit value
   |
LL -     world.spawn((Marker, (Health(1), ())));
LL +     world.spawn((Marker, (Health(1),)));
   |

warning: unit values are skipped when Bevy inserts this bundle
  --> $DIR/main.rs:40:17
   |
LL |     world.spawn(());
   |                 ^^
   |
help: spawn the empty entity with `spawn_empty()`
   |
LL -     world.spawn(());
LL +     world.spawn_empty();
   |

warning: unit values are skipped when Bevy inserts this bundle
  --> $DIR/main.rs:41:18
   |
LL |     world.spawn(((), ()));
   |                  ^^
   |
   = help: remove the unit value or use `spawn_empty` for an empty spawn

warning: unit values are skipped when Bevy inserts this bundle
  --> $DIR/main.rs:41:22
   |
LL |     world.spawn(((), ()));
   |                      ^^
   |
   = help: remove the unit value or use `spawn_empty` for an empty spawn

warning: unit values are skipped when Bevy inserts this bundle
  --> $DIR/main.rs:42:26
   |
LL |     world.spawn((Marker, unit()));
   |                          ^^^^^^
   |
   = help: remove the unit value or use `spawn_empty` for an empty spawn

warning: unit values are skipped when Bevy inserts this bundle
  --> $DIR/main.rs:24:22
   |
LL |         ($component, ())
   |                      ^^
...
LL |     world.spawn(with_unit!(Marker));
   |                 ------------------ in this macro invocation
   |
   = help: remove the unit value or use `spawn_empty` for an empty spawn
   = note: this warning originates in the macro `with_unit` (in Nightly builds, run with -Z macro-backtrace for more info)

warning: unit values are skipped when Bevy inserts this bundle
  --> $DIR/main.rs:30:22
   |
LL |         $world.spawn(())
   |                      ^^
...
LL |     spawn_unit!(world);
   |     ------------------ in this macro invocation
   |
   = help: remove the unit value or use `spawn_empty` for an empty spawn
   = note: this warning originates in the macro `spawn_unit` (in Nightly builds, run with -Z macro-backtrace for more info)

warning: unit values are skipped when Bevy inserts this bundle
  --> $DIR/main.rs:54:46
   |
LL |     world.entity_mut(parent).insert((Marker, ()));
   |                                              ^^
   |
help: remove the unit value
   |
LL -     world.entity_mut(parent).insert((Marker, ()));
LL +     world.entity_mut(parent).insert((Marker,));
   |

warning: unit values are skipped when Bevy inserts this bundle
  --> $DIR/main.rs:56:33
   |
LL |         children.spawn((Marker, ()));
   |                                 ^^
   |
help: remove the unit value
   |
LL -         children.spawn((Marker, ()));
LL +         children.spawn((Marker,));
   |

warning: unit values are skipped when Bevy inserts this bundle
  --> $DIR/main.rs:61:20
   |
LL |     commands.spawn(());
   |                    ^^
   |
help: spawn the empty entity with `spawn_empty()`
   |
LL -     commands.spawn(());
LL +     commands.spawn_empty();
   |

warning: unit values are skipped when Bevy inserts this bundle
  --> $DIR/main.rs:62:45
   |
LL |     commands.entity(entity).insert((Marker, ()));
   |                                             ^^
   |
help: remove the unit value
   |
LL -     commands.entity(entity).insert((Marker, ()));
LL +     commands.entity(entity).insert((Marker,));
   |

warning: unit values are skipped when Bevy inserts this bundle
  --> $DIR/main.rs:63:44
   |
LL |     commands.entity(entity).insert_if_new(((), Health(2)));
   |                                            ^^
   |
help: remove the unit value
   |
LL -     commands.entity(entity).insert_if_new(((), Health(2)));
LL +     commands.entity(entity).insert_if_new((Health(2),));
   |

warning: unit values are skipped when Bevy inserts this bundle
  --> $DIR/main.rs:65:20
   |
LL |     commands.spawn(nested);
   |                    ^^^^^^
   |
   = help: remove the unit value or use `spawn_empty` for an empty spawn

warning: unit values are skipped when Bevy inserts this bundle
  --> $DIR/main.rs:67:33
   |
LL |         children.spawn((Marker, ()));
   |                                 ^^
   |
help: remove the unit value
   |
LL -         children.spawn((Marker, ()));
LL +         children.spawn((Marker,));
   |

warning: 19 warnings emitted

