warning: `serde` attribute is inert for the only derived direction
  --> $DIR/main.rs:15:1
   |
LL | #[serde(default)]
   | ^^^^^^^^^^^^^^^^^
   |
   = note: `#[warn(serde_inert_directional_attr)]` on by default
help: remove the deserialization-only attribute, or add `Deserialize` if it was intended
   |
LL - #[serde(default)]
   |

warning: `serde` attribute is inert for the only derived direction
  --> $DIR/main.rs:22:5
   |
LL |     #[serde(alias = "old_value")]
   |     ^^^^^^^^^^^^^^^^^^^^^^^^^^^^^
   |
help: remove the deserialization-only attribute, or add `Deserialize` if it was intended
   |
LL -     #[serde(alias = "old_value")]
   |

warning: `serde` attribute is inert for the only derived direction
  --> $DIR/main.rs:28:5
   |
LL |     #[serde(skip_serializing_if = "String::is_empty")]
   |     ^^^^^^^^^^^^^^^^^^^^^^^^^^^^^^^^^^^^^^^^^^^^^^^^^^
   |
help: remove the serialization-only attribute, or add `Serialize` if it was intended
   |
LL -     #[serde(skip_serializing_if = "String::is_empty")]
   |

warning: `serde` attribute is inert for the only derived direction
  --> $DIR/main.rs:34:5
   |
LL |     #[serde(skip_serializing)]
   |     ^^^^^^^^^^^^^^^^^^^^^^^^^^
   |
help: remove the serialization-only attribute, or add `Serialize` if it was intended
   |
LL -     #[serde(skip_serializing)]
   |

warning: `serde` attribute is inert for the only derived direction
  --> $DIR/main.rs:53:5
   |
LL |     #[serde(rename = "v", default)]
   |     ^^^^^^^^^^^^^^^^^^^^^^^^^^^^^^^
   |
   = help: remove the deserialization-only attribute, or add `Deserialize` if it was intended

warning: 5 warnings emitted

