warning: this standard conversion impl logs while converting
  --> $DIR/edge_cases.rs:63:9
   |
LL |         audit!("wrapped logging macro");
   |         ^^^^^^^^^^^^^^^^^^^^^^^^^^^^^^^
   |
   = help: return a value or error and let the caller choose where to log
   = note: `#[warn(logged_conversion_impl)]` on by default

warning: this standard conversion impl logs while converting
  --> $DIR/edge_cases.rs:75:17
   |
LL |                 tracing::debug!(%error, "logging inside a closure");
   |                 ^^^^^^^^^^^^^^^^^^^^^^^^^^^^^^^^^^^^^^^^^^^^^^^^^^^
   |
   = help: return a value or error and let the caller choose where to log

warning: this standard conversion impl logs while converting
  --> $DIR/edge_cases.rs:87:9
   |
LL |         event!(tracing::Level::WARN, value, "event macro through an import");
   |         ^^^^^^^^^^^^^^^^^^^^^^^^^^^^^^^^^^^^^^^^^^^^^^^^^^^^^^^^^^^^^^^^^^^^
   |
   = help: return a value or error and let the caller choose where to log

warning: 3 warnings emitted

