warning: this standard conversion impl logs while converting
  --> $DIR/main.rs:34:9
   |
LL |         eprintln!("converting user id: {raw}");
   |         ^^^^^^^^^^^^^^^^^^^^^^^^^^^^^^^^^^^^^^
   |
   = help: return a value or error and let the caller choose where to log
   = note: `#[warn(logged_conversion_impl)]` on by default

warning: this standard conversion impl logs while converting
  --> $DIR/main.rs:42:5
   |
LL | /     fn try_from(raw: &str) -> Result<Self, Self::Error> {
LL | |         log::error!("bad user id: {raw}");
LL | |         Ok(UserId(raw.to_owned()))
LL | |     }
   | |_____^
   |
   = help: return a value or error and let the caller choose where to log

warning: this standard conversion impl logs while converting
  --> $DIR/main.rs:51:5
   |
LL | /     fn from_str(raw: &str) -> Result<Self, Self::Err> {
LL | |         tracing::warn!("parsing user id: {raw}");
LL | |         Ok(UserId(raw.to_owned()))
LL | |     }
   | |_____^
   |
   = help: return a value or error and let the caller choose where to log

warning: this standard conversion impl logs while converting
  --> $DIR/main.rs:61:9
   |
LL |         kslog::warn("converting bytes to user id");
   |         ^^^^^^^^^^^^^^^^^^^^^^^^^^^^^^^^^^^^^^^^^^
   |
   = help: return a value or error and let the caller choose where to log

warning: 4 warnings emitted

