warning: Axum 0.8 rejects this legacy `*name` capture
  --> $DIR/main.rs:8:41
   |
LL |     let _: Router = Router::new().route("/assets/*path", get(|| async {}));
   |                                         ^^^^^^^^^^^^^^^ help: write the wildcard as `{*name}`: `"/assets/{*path}"`
   |
   = note: `#[warn(axum_route_legacy_wildcard_capture)]` on by default

warning: Axum 0.8 rejects this legacy `*name` capture
  --> $DIR/main.rs:10:49
   |
LL |     let _: Router = Router::new().route_service("/files/*rest", get(|| async {}));
   |                                                 ^^^^^^^^^^^^^^ help: write the wildcard as `{*name}`: `"/files/{*rest}"`

warning: Axum 0.8 rejects this legacy `*name` capture
  --> $DIR/main.rs:15:27
   |
LL |     router = router.route("/literal/*star", get(|| async {}));
   |                           ^^^^^^^^^^^^^^^^ help: write the wildcard as `{*name}`: `"/literal/{*star}"`

warning: Axum 0.8 rejects this legacy `*name` capture
  --> $DIR/main.rs:23:41
   |
LL |     let _: Router = Router::new().route(path, get(|| async {}));
   |                                         ^^^^
   |
   = help: write the wildcard as `{*name}`

warning: Axum 0.8 rejects this legacy `*name` capture
  --> $DIR/main.rs:24:41
   |
LL |     let _: Router = Router::new().route(path, get(|| async {}));
   |                                         ^^^^
   |
   = help: write the wildcard as `{*name}`

warning: 5 warnings emitted

