warning: this system is registered in a repeating schedule and derives `UiScale` from a time- or distance-based value that may vary between runs
  --> $DIR/main.rs:87:16
   |
LL |     scale.0 += delta * 0.1;
   |                ^^^^^
   |
   = help: when the app renders text, prefer a stable or discrete scale because new raster sizes may use additional atlas keys
   = note: `#[warn(bevy_continuous_ui_scale)]` on by default

warning: this system is registered in a repeating schedule and derives `UiScale` from a time- or distance-based value that may vary between runs
  --> $DIR/main.rs:111:20
   |
LL |     scale.0 = time.elapsed_secs();
   |                    ^^^^^^^^^^^^
   |
   = help: when the app renders text, prefer a stable or discrete scale because new raster sizes may use additional atlas keys

warning: this system is registered in a repeating schedule and derives `UiScale` from a time- or distance-based value that may vary between runs
  --> $DIR/main.rs:127:20
   |
LL |     scale.0 = time.elapsed_secs();
   |                    ^^^^^^^^^^^^
   |
   = help: when the app renders text, prefer a stable or discrete scale because new raster sizes may use additional atlas keys

warning: this system is registered in a repeating schedule and derives `UiScale` from a time- or distance-based value that may vary between runs
  --> $DIR/main.rs:131:20
   |
LL |     scale.0 = time.elapsed_secs();
   |                    ^^^^^^^^^^^^
   |
   = help: when the app renders text, prefer a stable or discrete scale because new raster sizes may use additional atlas keys

warning: this system is registered in a repeating schedule and derives `UiScale` from a time- or distance-based value that may vary between runs
  --> $DIR/main.rs:141:20
   |
LL |     scale.0 = time.elapsed_secs();
   |                    ^^^^^^^^^^^^
   |
   = help: when the app renders text, prefer a stable or discrete scale because new raster sizes may use additional atlas keys

warning: this system is registered in a repeating schedule and derives `UiScale` from a time- or distance-based value that may vary between runs
  --> $DIR/main.rs:145:20
   |
LL |     scale.0 = time.elapsed_secs();
   |                    ^^^^^^^^^^^^
   |
   = help: when the app renders text, prefer a stable or discrete scale because new raster sizes may use additional atlas keys

warning: this system is registered in a repeating schedule and derives `UiScale` from a time- or distance-based value that may vary between runs
  --> $DIR/main.rs:149:20
   |
LL |     scale.0 = time.elapsed_secs();
   |                    ^^^^^^^^^^^^
   |
   = help: when the app renders text, prefer a stable or discrete scale because new raster sizes may use additional atlas keys

warning: this system is registered in a repeating schedule and derives `UiScale` from a time- or distance-based value that may vary between runs
  --> $DIR/main.rs:165:20
   |
LL |     scale.0 = time.elapsed_secs();
   |                    ^^^^^^^^^^^^
   |
   = help: when the app renders text, prefer a stable or discrete scale because new raster sizes may use additional atlas keys

warning: this system is registered in a repeating schedule and derives `UiScale` from a time- or distance-based value that may vary between runs
  --> $DIR/main.rs:206:15
   |
LL |     scale.0 = value;
   |               ^^^^^
   |
   = help: when the app renders text, prefer a stable or discrete scale because new raster sizes may use additional atlas keys

warning: this system is registered in a repeating schedule and derives `UiScale` from a time- or distance-based value that may vary between runs
  --> $DIR/main.rs:226:15
   |
LL |     scale.0 = canceled_scale;
   |               ^^^^^^^^^^^^^^
   |
   = help: when the app renders text, prefer a stable or discrete scale because new raster sizes may use additional atlas keys

warning: this system is registered in a repeating schedule and derives `UiScale` from a time- or distance-based value that may vary between runs
  --> $DIR/main.rs:228:24
   |
LL |         scale.0 = time.elapsed_secs();
   |                        ^^^^^^^^^^^^
   |
   = help: when the app renders text, prefer a stable or discrete scale because new raster sizes may use additional atlas keys

warning: this system is registered in a repeating schedule and derives `UiScale` from a time- or distance-based value that may vary between runs
  --> $DIR/main.rs:230:20
   |
LL |     scale.0 = time.elapsed_secs() + ADDITIVE_OFFSET;
   |                    ^^^^^^^^^^^^
   |
   = help: when the app renders text, prefer a stable or discrete scale because new raster sizes may use additional atlas keys

warning: this system is registered in a repeating schedule and derives `UiScale` from a time- or distance-based value that may vary between runs
  --> $DIR/main.rs:231:41
   |
LL |     scale.0 = SUBTRACTIVE_OFFSET - time.elapsed_secs();
   |                                         ^^^^^^^^^^^^
   |
   = help: when the app renders text, prefer a stable or discrete scale because new raster sizes may use additional atlas keys

warning: this system is registered in a repeating schedule and derives `UiScale` from a time- or distance-based value that may vary between runs
  --> $DIR/main.rs:232:35
   |
LL |     scale.0 = SCALE_FACTOR * time.elapsed_secs();
   |                                   ^^^^^^^^^^^^
   |
   = help: when the app renders text, prefer a stable or discrete scale because new raster sizes may use additional atlas keys

warning: this system is registered in a repeating schedule and derives `UiScale` from a time- or distance-based value that may vary between runs
  --> $DIR/main.rs:233:20
   |
LL |     scale.0 = time.elapsed_secs() / DIVISOR;
   |                    ^^^^^^^^^^^^
   |
   = help: when the app renders text, prefer a stable or discrete scale because new raster sizes may use additional atlas keys

warning: this system is registered in a repeating schedule and derives `UiScale` from a time- or distance-based value that may vary between runs
  --> $DIR/main.rs:234:21
   |
LL |     scale.0 = -time.elapsed_secs();
   |                     ^^^^^^^^^^^^
   |
   = help: when the app renders text, prefer a stable or discrete scale because new raster sizes may use additional atlas keys

warning: this system is registered in a repeating schedule and derives `UiScale` from a time- or distance-based value that may vary between runs
  --> $DIR/main.rs:235:20
   |
LL |     scale.0 = time.elapsed_secs_f64() as f32;
   |                    ^^^^^^^^^^^^^^^^
   |
   = help: when the app renders text, prefer a stable or discrete scale because new raster sizes may use additional atlas keys

warning: this system is registered in a repeating schedule and derives `UiScale` from a time- or distance-based value that may vary between runs
  --> $DIR/main.rs:247:22
   |
LL |         true => time.elapsed_secs(),
   |                      ^^^^^^^^^^^^
   |
   = help: when the app renders text, prefer a stable or discrete scale because new raster sizes may use additional atlas keys

warning: this system is registered in a repeating schedule and derives `UiScale` from a time- or distance-based value that may vary between runs
  --> $DIR/main.rs:252:23
   |
LL |         false => time.elapsed_secs(),
   |                       ^^^^^^^^^^^^
   |
   = help: when the app renders text, prefer a stable or discrete scale because new raster sizes may use additional atlas keys

warning: this system is registered in a repeating schedule and derives `UiScale` from a time- or distance-based value that may vary between runs
  --> $DIR/main.rs:255:20
   |
LL |     scale.0 = time.elapsed_secs() * Factors::VALUE;
   |                    ^^^^^^^^^^^^
   |
   = help: when the app renders text, prefer a stable or discrete scale because new raster sizes may use additional atlas keys

warning: this system is registered in a repeating schedule and derives `UiScale` from a time- or distance-based value that may vary between runs
  --> $DIR/main.rs:259:20
   |
LL |     scale.0 = time.elapsed_secs() * NONZERO_FACTOR;
   |                    ^^^^^^^^^^^^
   |
   = help: when the app renders text, prefer a stable or discrete scale because new raster sizes may use additional atlas keys

warning: this system is registered in a repeating schedule and derives `UiScale` from a time- or distance-based value that may vary between runs
  --> $DIR/main.rs:261:21
   |
LL |     scale.0 = (time.elapsed_secs_f64() * NONZERO_F64_FACTOR) as f32;
   |                     ^^^^^^^^^^^^^^^^
   |
   = help: when the app renders text, prefer a stable or discrete scale because new raster sizes may use additional atlas keys

warning: this system is registered in a repeating schedule and derives `UiScale` from a time- or distance-based value that may vary between runs
  --> $DIR/main.rs:262:21
   |
LL |     scale.0 = (time.elapsed_secs_f64() * NEGATIVE_F64_FACTOR) as f32;
   |                     ^^^^^^^^^^^^^^^^
   |
   = help: when the app renders text, prefer a stable or discrete scale because new raster sizes may use additional atlas keys

warning: this system is registered in a repeating schedule and derives `UiScale` from a time- or distance-based value that may vary between runs
  --> $DIR/main.rs:263:21
   |
LL |     scale.0 = (time.elapsed_secs_f64() * ARITHMETIC_F64_FACTOR) as f32;
   |                     ^^^^^^^^^^^^^^^^
   |
   = help: when the app renders text, prefer a stable or discrete scale because new raster sizes may use additional atlas keys

warning: this system is registered in a repeating schedule and derives `UiScale` from a time- or distance-based value that may vary between runs
  --> $DIR/main.rs:270:20
   |
LL |     scale.0 = time.elapsed_secs() * MAX_DEPTH_FACTOR;
   |                    ^^^^^^^^^^^^
   |
   = help: when the app renders text, prefer a stable or discrete scale because new raster sizes may use additional atlas keys

warning: this system is registered in a repeating schedule and derives `UiScale` from a time- or distance-based value that may vary between runs
  --> $DIR/main.rs:281:20
   |
LL |     scale.0 = time.elapsed_secs_f64() as f32;
   |                    ^^^^^^^^^^^^^^^^
   |
   = help: when the app renders text, prefer a stable or discrete scale because new raster sizes may use additional atlas keys

warning: this system is registered in a repeating schedule and derives `UiScale` from a time- or distance-based value that may vary between runs
  --> $DIR/main.rs:282:20
   |
LL |     scale.0 = time.elapsed_secs_wrapped();
   |                    ^^^^^^^^^^^^^^^^^^^^
   |
   = help: when the app renders text, prefer a stable or discrete scale because new raster sizes may use additional atlas keys

warning: this system is registered in a repeating schedule and derives `UiScale` from a time- or distance-based value that may vary between runs
  --> $DIR/main.rs:283:20
   |
LL |     scale.0 = time.elapsed_secs_wrapped_f64() as f32;
   |                    ^^^^^^^^^^^^^^^^^^^^^^^^
   |
   = help: when the app renders text, prefer a stable or discrete scale because new raster sizes may use additional atlas keys

warning: this system is registered in a repeating schedule and derives `UiScale` from a time- or distance-based value that may vary between runs
  --> $DIR/main.rs:284:20
   |
LL |     scale.0 = time.delta_secs_f64() as f32;
   |                    ^^^^^^^^^^^^^^
   |
   = help: when the app renders text, prefer a stable or discrete scale because new raster sizes may use additional atlas keys

warning: this system is registered in a repeating schedule and derives `UiScale` from a time- or distance-based value that may vary between runs
  --> $DIR/main.rs:285:20
   |
LL |     scale.0 = time.elapsed().as_secs_f32();
   |                    ^^^^^^^
   |
   = help: when the app renders text, prefer a stable or discrete scale because new raster sizes may use additional atlas keys

warning: this system is registered in a repeating schedule and derives `UiScale` from a time- or distance-based value that may vary between runs
  --> $DIR/main.rs:286:20
   |
LL |     scale.0 = time.delta().as_secs_f32();
   |                    ^^^^^
   |
   = help: when the app renders text, prefer a stable or discrete scale because new raster sizes may use additional atlas keys

warning: this system is registered in a repeating schedule and derives `UiScale` from a time- or distance-based value that may vary between runs
  --> $DIR/main.rs:329:15
   |
LL |     scale.0 = value;
   |               ^^^^^
   |
   = help: when the app renders text, prefer a stable or discrete scale because new raster sizes may use additional atlas keys

warning: this system is registered in a repeating schedule and derives `UiScale` from a time- or distance-based value that may vary between runs
  --> $DIR/main.rs:349:15
   |
LL |     scale.0 = value;
   |               ^^^^^
   |
   = help: when the app renders text, prefer a stable or discrete scale because new raster sizes may use additional atlas keys

warning: this system is registered in a repeating schedule and derives `UiScale` from a time- or distance-based value that may vary between runs
  --> $DIR/main.rs:356:15
   |
LL |     scale.0 = value;
   |               ^^^^^
   |
   = help: when the app renders text, prefer a stable or discrete scale because new raster sizes may use additional atlas keys

warning: this system is registered in a repeating schedule and derives `UiScale` from a time- or distance-based value that may vary between runs
  --> $DIR/main.rs:368:15
   |
LL |     scale.0 = value;
   |               ^^^^^
   |
   = help: when the app renders text, prefer a stable or discrete scale because new raster sizes may use additional atlas keys

warning: this system is registered in a repeating schedule and derives `UiScale` from a time- or distance-based value that may vary between runs
  --> $DIR/main.rs:400:15
   |
LL |     scale.0 = value;
   |               ^^^^^
   |
   = help: when the app renders text, prefer a stable or discrete scale because new raster sizes may use additional atlas keys

warning: this system is registered in a repeating schedule and derives `UiScale` from a time- or distance-based value that may vary between runs
  --> $DIR/main.rs:416:19
   |
LL |         scale.0 = transform.translation.distance(Vec3::ZERO);
   |                   ^^^^^^^^^^^^^^^^^^^^^^^^^^^^^^^^^^^^^^^^^^
   |
   = help: when the app renders text, prefer a stable or discrete scale because new raster sizes may use additional atlas keys

warning: this system is registered in a repeating schedule and derives `UiScale` from a time- or distance-based value that may vary between runs
  --> $DIR/main.rs:430:20
   |
LL |     scale.0 = time.elapsed().as_secs_f64() as f32;
   |                    ^^^^^^^
   |
   = help: when the app renders text, prefer a stable or discrete scale because new raster sizes may use additional atlas keys

warning: 38 warnings emitted

