warning: function body has 0 intent comments but needs at least 4 for 16 statements
  --> $DIR/main.rs:1:1
   |
LL | / fn needs_comment(value: u64) -> u64 {
LL | |     let doubled = value * 2;
LL | |     let adjusted = doubled + 1;
LL | |     let capped = adjusted.min(100);
...  |
LL | |     final_value + 1
LL | | }
   | |_^
   |
   = help: add a short `//` comment explaining ordering, invariants, or side effects
   = note: `#[warn(missing_intent_comments)]` on by default

warning: function body has 1 intent comments but needs at least 3 for 11 statements
  --> $DIR/main.rs:27:1
   |
LL | / fn one_comment_is_not_enough(value: u64) -> u64 {
LL | |     // Establish the initial normalization.
LL | |     let first = value + 1;
LL | |     let second = first + 1;
...  |
LL | |     tenth + 1
LL | | }
   | |_^
   |
   = help: add a short `//` comment explaining ordering, invariants, or side effects

warning: 2 warnings emitted

