warning: manual `Debug` implementation looks derivable
  --> $DIR/main.rs:8:1
   |
LL | / impl Debug for User {
LL | |     fn fmt(&self, f: &mut Formatter<'_>) -> Result {
LL | |         f.debug_struct("User")
LL | |             .field("id", &self.id)
...  |
LL | | }
   | |_^
   |
   = help: use `#[derive(Debug)]` unless the implementation intentionally redacts or customizes output
   = note: `#[warn(manual_debug_impl)]` on by default

warning: manual `Debug` implementation looks derivable
  --> $DIR/main.rs:19:1
   |
LL | / impl std::fmt::Debug for Point {
LL | |     fn fmt(&self, f: &mut std::fmt::Formatter<'_>) -> std::fmt::Result {
LL | |         f.debug_tuple("Point")
LL | |             .field(&self.0)
...  |
LL | | }
   | |_^
   |
   = help: use `#[derive(Debug)]` unless the implementation intentionally redacts or customizes output

warning: 2 warnings emitted

