warning: Tokio interval period must be greater than zero
  --> $DIR/main.rs:36:22
   |
LL |     let _ = interval(Duration::ZERO);
   |                      ^^^^^^^^^^^^^^
   |
   = help: use a positive duration
   = note: `#[warn(tokio_zero_duration_interval)]` on by default

warning: Tokio interval period must be greater than zero
  --> $DIR/main.rs:37:22
   |
LL |     let _ = interval(Duration::from_secs(0));
   |                      ^^^^^^^^^^^^^^^^^^^^^^
   |
   = help: use a positive duration

warning: Tokio interval period must be greater than zero
  --> $DIR/main.rs:38:22
   |
LL |     let _ = interval(Duration::new(0, 0));
   |                      ^^^^^^^^^^^^^^^^^^^
   |
   = help: use a positive duration

warning: Tokio interval period must be greater than zero
  --> $DIR/main.rs:40:22
   |
LL |     let _ = interval(Duration::from_micros(0));
   |                      ^^^^^^^^^^^^^^^^^^^^^^^^
   |
   = help: use a positive duration

warning: Tokio interval period must be greater than zero
  --> $DIR/main.rs:41:22
   |
LL |     let _ = interval(Duration::from_nanos(0));
   |                      ^^^^^^^^^^^^^^^^^^^^^^^
   |
   = help: use a positive duration

warning: Tokio interval period must be greater than zero
  --> $DIR/main.rs:42:22
   |
LL |     let _ = interval(Duration::default());
   |                      ^^^^^^^^^^^^^^^^^^^
   |
   = help: use a positive duration

warning: Tokio interval period must be greater than zero
  --> $DIR/main.rs:43:22
   |
LL |     let _ = interval(std::default::Default::default());
   |                      ^^^^^^^^^^^^^^^^^^^^^^^^^^^^^^^^
   |
   = help: use a positive duration

warning: Tokio interval period must be greater than zero
  --> $DIR/main.rs:44:22
   |
LL |     let _ = interval(core::time::Duration::default());
   |                      ^^^^^^^^^^^^^^^^^^^^^^^^^^^^^^^
   |
   = help: use a positive duration

warning: Tokio interval period must be greater than zero
  --> $DIR/main.rs:45:22
   |
LL |     let _ = interval(Duration::from_secs_f64(0.0));
   |                      ^^^^^^^^^^^^^^^^^^^^^^^^^^^^
   |
   = help: use a positive duration

warning: Tokio interval period must be greater than zero
  --> $DIR/main.rs:46:22
   |
LL |     let _ = interval(Duration::from_secs_f32(0.0));
   |                      ^^^^^^^^^^^^^^^^^^^^^^^^^^^^
   |
   = help: use a positive duration

warning: Tokio interval period must be greater than zero
  --> $DIR/main.rs:47:22
   |
LL |     let _ = interval(Duration::from_secs_f64(1e-20));
   |                      ^^^^^^^^^^^^^^^^^^^^^^^^^^^^^^
   |
   = help: use a positive duration

warning: Tokio interval period must be greater than zero
  --> $DIR/main.rs:48:22
   |
LL |     let _ = interval(Duration::from_secs_f32(1e-20));
   |                      ^^^^^^^^^^^^^^^^^^^^^^^^^^^^^^
   |
   = help: use a positive duration

warning: Tokio interval period must be greater than zero
  --> $DIR/main.rs:49:22
   |
LL |     let _ = interval(Duration::from_secs_f64(SUBNANOSECONDS));
   |                      ^^^^^^^^^^^^^^^^^^^^^^^^^^^^^^^^^^^^^^^
   |
   = help: use a positive duration

warning: Tokio interval period must be greater than zero
  --> $DIR/main.rs:50:22
   |
LL |     let _ = interval(ZERO_PERIOD);
   |                      ^^^^^^^^^^^
   |
   = help: use a positive duration

warning: Tokio interval period must be greater than zero
  --> $DIR/main.rs:51:22
   |
LL |     let _ = interval(ZERO_LINK_14);
   |                      ^^^^^^^^^^^^
   |
   = help: use a positive duration

warning: Tokio interval period must be greater than zero
  --> $DIR/main.rs:52:22
   |
LL |     let _ = interval(Duration::ZERO + Duration::ZERO);
   |                      ^^^^^^^^^^^^^^^^^^^^^^^^^^^^^^^
   |
   = help: use a positive duration

warning: Tokio interval period must be greater than zero
  --> $DIR/main.rs:53:22
   |
LL |     let _ = interval(Duration::from_nanos(1) - Duration::from_nanos(1));
   |                      ^^^^^^^^^^^^^^^^^^^^^^^^^^^^^^^^^^^^^^^^^^^^^^^^^
   |
   = help: use a positive duration

warning: Tokio interval period must be greater than zero
  --> $DIR/main.rs:54:22
   |
LL |     let _ = interval(Duration::ZERO * 5);
   |                      ^^^^^^^^^^^^^^^^^^
   |
   = help: use a positive duration

warning: Tokio interval period must be greater than zero
  --> $DIR/main.rs:55:22
   |
LL |     let _ = interval(5 * Duration::ZERO);
   |                      ^^^^^^^^^^^^^^^^^^
   |
   = help: use a positive duration

warning: Tokio interval period must be greater than zero
  --> $DIR/main.rs:56:22
   |
LL |     let _ = interval(Duration::ZERO / 5);
   |                      ^^^^^^^^^^^^^^^^^^
   |
   = help: use a positive duration

warning: Tokio interval period must be greater than zero
  --> $DIR/main.rs:57:22
   |
LL |     let _ = interval(Duration::from_secs(ZERO_SECONDS));
   |                      ^^^^^^^^^^^^^^^^^^^^^^^^^^^^^^^^^
   |
   = help: use a positive duration

warning: Tokio interval period must be greater than zero
  --> $DIR/main.rs:58:22
   |
LL |     let _ = interval(Duration::from_secs(POSITIVE_SECONDS - 1));
   |                      ^^^^^^^^^^^^^^^^^^^^^^^^^^^^^^^^^^^^^^^^^
   |
   = help: use a positive duration

warning: Tokio interval period must be greater than zero
  --> $DIR/main.rs:59:22
   |
LL |     let _ = interval(Duration::from_nanos(0) / 1);
   |                      ^^^^^^^^^^^^^^^^^^^^^^^^^^^
   |
   = help: use a positive duration

warning: Tokio interval period must be greater than zero
  --> $DIR/main.rs:60:22
   |
LL |     let _ = interval({ Duration::ZERO });
   |                      ^^^^^^^^^^^^^^^^^^
   |
   = help: use a positive duration

warning: Tokio interval period must be greater than zero
  --> $DIR/main.rs:61:22
   |
LL |     let _ = interval(Duration::from_secs(ZERO_SECONDS + ZERO_SECONDS));
   |                      ^^^^^^^^^^^^^^^^^^^^^^^^^^^^^^^^^^^^^^^^^^^^^^^^
   |
   = help: use a positive duration

warning: Tokio interval period must be greater than zero
  --> $DIR/main.rs:62:22
   |
LL |     let _ = interval(Duration::from_secs(ZERO_SECONDS * 2));
   |                      ^^^^^^^^^^^^^^^^^^^^^^^^^^^^^^^^^^^^^
   |
   = help: use a positive duration

warning: Tokio interval period must be greater than zero
  --> $DIR/main.rs:63:22
   |
LL |     let _ = interval(Duration::from_secs(ZERO_SECONDS / 2));
   |                      ^^^^^^^^^^^^^^^^^^^^^^^^^^^^^^^^^^^^^
   |
   = help: use a positive duration

warning: Tokio interval period must be greater than zero
  --> $DIR/main.rs:64:22
   |
LL |     let _ = interval(Duration::from_secs({ ZERO_SECONDS }));
   |                      ^^^^^^^^^^^^^^^^^^^^^^^^^^^^^^^^^^^^^
   |
   = help: use a positive duration

warning: Tokio interval period must be greater than zero
  --> $DIR/main.rs:65:22
   |
LL |       let _ = interval(Duration::from_secs(
   |  ______________________^
LL | |         0_u64
LL | |             + 0_u64
LL | |             + 0_u64
...  |
LL | |             + 0_u64,
LL | |     ));
   | |_____^
   |
   = help: use a positive duration

warning: Tokio interval period must be greater than zero
  --> $DIR/main.rs:82:22
   |
LL |     let _ = interval(Duration::from_secs_f64({ 0.0 }));
   |                      ^^^^^^^^^^^^^^^^^^^^^^^^^^^^^^^^
   |
   = help: use a positive duration

warning: Tokio interval period must be greater than zero
  --> $DIR/main.rs:83:22
   |
LL |     let _ = interval(Period::ZERO);
   |                      ^^^^^^^^^^^^
   |
   = help: use a positive duration

warning: Tokio interval period must be greater than zero
  --> $DIR/main.rs:85:41
   |
LL |     let _ = interval_at(Instant::now(), Duration::from_millis(0));
   |                                         ^^^^^^^^^^^^^^^^^^^^^^^^
   |
   = help: use a positive duration

warning: Tokio interval period must be greater than zero
  --> $DIR/main.rs:112:22
   |
LL |     let _ = interval(Duration::from_secs_f64(-0.0));
   |                      ^^^^^^^^^^^^^^^^^^^^^^^^^^^^^
   |
   = help: use a positive duration

warning: Tokio interval period must be greater than zero
  --> $DIR/main.rs:143:15
   |
LL |         call!(std::time::Duration::ZERO);
   |               ^^^^^^^^^^^^^^^^^^^^^^^^^
   |
   = help: use a positive duration

warning: Tokio interval period must be greater than zero
  --> $DIR/main.rs:151:22
   |
LL |     let _ = interval(std::time::Duration::default());
   |                      ^^^^^^^^^^^^^^^^^^^^^^^^^^^^^^
   |
   = help: use a positive duration

warning: Tokio interval period must be greater than zero
  --> $DIR/main.rs:204:22
   |
LL |     let _ = interval(Duration::from_secs(0_u64 % 2_u64));
   |                      ^^^^^^^^^^^^^^^^^^^^^^^^^^^^^^^^^^
   |
   = help: use a positive duration

warning: Tokio interval period must be greater than zero
  --> $DIR/main.rs:207:22
   |
LL |     let _ = interval(Duration::from_secs_f32(-0.0));
   |                      ^^^^^^^^^^^^^^^^^^^^^^^^^^^^^
   |
   = help: use a positive duration

warning: 37 warnings emitted

