warning: this query requests a wide component access set
  --> $DIR/main.rs:58:15
   |
LL | fn bad(query: Query<(&A, &B, &C, &D, &E, &F)>) {
   |               ^^^^^^^^^^^^^^^^^^^^^^^^^^^^^^^
   |
   = help: split the system by behavior and request only the components it uses
   = note: `#[warn(bevy_wide_query_access)]` on by default

warning: this query requests a wide component access set
  --> $DIR/main.rs:66:22
   |
LL | fn bad_custom(query: Query<WideQuery>) {
   |                      ^^^^^^^^^^^^^^^^
   |
   = help: split the system by behavior and request only the components it uses

warning: this query requests a wide component access set
  --> $DIR/main.rs:79:34
   |
LL | fn bad_custom_mutable(mut query: Query<MutableQuery>) {
   |                                  ^^^^^^^^^^^^^^^^^^^
   |
   = help: split the system by behavior and request only the components it uses

warning: 3 warnings emitted

