warning: dependency `workspace_alpha_dep` appears after `workspace_zeta_dep` but should sort before it
  --> $DIR/main.rs:1:1
   |
LL | fn main() {}
   | ^^^^^^^^^^^^
   |
   = help: sort contiguous dependency entries alphabetically within each Cargo dependency table
   = note: `#[warn(dependency_key_order)]` on by default

warning: dependency `alpha_dep` appears after `zeta_dep` but should sort before it
  --> $DIR/main.rs:1:1
   |
LL | fn main() {}
   | ^^^^^^^^^^^^
   |
   = help: sort contiguous dependency entries alphabetically within each Cargo dependency table

warning: dependency `dev_alpha_dep` appears after `dev_zeta_dep` but should sort before it
  --> $DIR/main.rs:1:1
   |
LL | fn main() {}
   | ^^^^^^^^^^^^
   |
   = help: sort contiguous dependency entries alphabetically within each Cargo dependency table

warning: dependency `make_alpha_dep` appears after `make_zeta_dep` but should sort before it
  --> $DIR/main.rs:1:1
   |
LL | fn main() {}
   | ^^^^^^^^^^^^
   |
   = help: sort contiguous dependency entries alphabetically within each Cargo dependency table

warning: dependency `unix_alpha_dep` appears after `unix_zeta_dep` but should sort before it
  --> $DIR/main.rs:1:1
   |
LL | fn main() {}
   | ^^^^^^^^^^^^
   |
   = help: sort contiguous dependency entries alphabetically within each Cargo dependency table

warning: 5 warnings emitted

