warning: one-use predicate binding could be inlined
  --> $DIR/main.rs:10:5
   |
LL |     let is_empty = values.is_empty();
   |     ^^^^^^^^^^^^^^^^^^^^^^^^^^^^^^^^^
   |
   = help: inline the predicate expression into the branch condition unless the name captures a domain concept
   = note: `#[warn(one_use_predicate_binding)]` on by default

warning: one-use predicate binding could be inlined
  --> $DIR/main.rs:17:5
   |
LL |     let is_ready: Predicate = values.len() > 1;
   |     ^^^^^^^^^^^^^^^^^^^^^^^^^^^^^^^^^^^^^^^^^^^
   |
   = help: inline the predicate expression into the branch condition unless the name captures a domain concept

warning: one-use predicate binding could be inlined
  --> $DIR/main.rs:24:5
   |
LL |     let has_items = count > 0;
   |     ^^^^^^^^^^^^^^^^^^^^^^^^^^
   |
   = help: inline the predicate expression into the branch condition unless the name captures a domain concept

warning: one-use predicate binding could be inlined
  --> $DIR/main.rs:31:5
   |
LL |     let contains_value = values.contains(&needle);
   |     ^^^^^^^^^^^^^^^^^^^^^^^^^^^^^^^^^^^^^^^^^^^^^^
   |
   = help: inline the predicate expression into the branch condition unless the name captures a domain concept

warning: one-use predicate binding could be inlined
  --> $DIR/main.rs:45:5
   |
LL |     let is_valid = !name.is_empty() && count > 0;
   |     ^^^^^^^^^^^^^^^^^^^^^^^^^^^^^^^^^^^^^^^^^^^^^
   |
   = help: inline the predicate expression into the branch condition unless the name captures a domain concept

warning: 5 warnings emitted

