warning: this button edge lasts one frame but is read in `FixedUpdate`
  --> $DIR/main.rs:31:13
   |
LL |     if keys.just_pressed(KeyCode::Space) {}
   |             ^^^^^^^^^^^^
   |
   = help: capture the edge before the fixed loop and pass it to fixed-step systems
note: the lint level is defined here
  --> $DIR/main.rs:14:9
   |
LL | #![warn(bevy_frame_button_edge_in_fixed_update)]
   |         ^^^^^^^^^^^^^^^^^^^^^^^^^^^^^^^^^^^^^^

warning: this button edge lasts one frame but is read in `FixedUpdate`
  --> $DIR/main.rs:35:13
   |
LL |     if keys.just_pressed(KeyCode::Space) {}
   |             ^^^^^^^^^^^^
   |
   = help: capture the edge before the fixed loop and pass it to fixed-step systems

warning: this button edge lasts one frame but is read in `FixedUpdate`
  --> $DIR/main.rs:39:13
   |
LL |     if keys.just_released(KeyCode::Space) {}
   |             ^^^^^^^^^^^^^
   |
   = help: capture the edge before the fixed loop and pass it to fixed-step systems

warning: this button edge lasts one frame but is read in `FixedUpdate`
  --> $DIR/main.rs:56:13
   |
LL |     if keys.just_pressed(KeyCode::Space) {
   |             ^^^^^^^^^^^^
   |
   = help: capture the edge before the fixed loop and pass it to fixed-step systems

warning: 4 warnings emitted

