warning: HTTP method field `method` uses `String`
  --> $DIR/edge_cases.rs:14:13
   |
LL |     method: MethodText,
   |             ^^^^^^^^^^
   |
   = help: use `http::Method` or `reqwest::Method`
   = note: `#[warn(http_method_string)]` on by default

warning: HTTP method field `request_method` uses `String`
  --> $DIR/edge_cases.rs:16:21
   |
LL |     request_method: std::string::String,
   |                     ^^^^^^^^^^^^^^^^^^^
   |
   = help: use `http::Method` or `reqwest::Method`

warning: HTTP method field `http_method` uses `&str`
  --> $DIR/edge_cases.rs:17:18
   |
LL |     http_method: &'a MethodStr,
   |                  ^^^^^^^^^^^^^
   |
   = help: use `http::Method` or `reqwest::Method`

warning: HTTP method field `verb` uses `String`
  --> $DIR/edge_cases.rs:18:11
   |
LL |     verb: StdString,
   |           ^^^^^^^^^
   |
   = help: use `http::Method` or `reqwest::Method`

warning: HTTP method parameter `method` uses `String`
  --> $DIR/edge_cases.rs:25:28
   |
LL |     fn send(&self, method: MethodText) -> MethodText;
   |                            ^^^^^^^^^^
   |
   = help: use `http::Method` or `reqwest::Method`

warning: HTTP method parameter `method` uses `String`
  --> $DIR/edge_cases.rs:28:24
   |
LL | fn method_name(method: MethodText) -> MethodText {
   |                        ^^^^^^^^^^
   |
   = help: use `http::Method` or `reqwest::Method`

warning: HTTP method parameter `method` uses `String`
  --> $DIR/edge_cases.rs:32:24
   |
LL | fn http_method(method: std::string::String) -> std::string::String {
   |                        ^^^^^^^^^^^^^^^^^^^
   |
   = help: use `http::Method` or `reqwest::Method`

warning: HTTP method return value `http_method` uses `String`
  --> $DIR/edge_cases.rs:32:48
   |
LL | fn http_method(method: std::string::String) -> std::string::String {
   |                                                ^^^^^^^^^^^^^^^^^^^
   |
   = help: use `http::Method` or `reqwest::Method`

warning: HTTP method parameter `verb` uses `&str`
  --> $DIR/edge_cases.rs:36:25
   |
LL | fn request_method(verb: &'static MethodStr) -> &'static MethodStr {
   |                         ^^^^^^^^^^^^^^^^^^
   |
   = help: use `http::Method` or `reqwest::Method`

warning: HTTP method return value `request_method` uses `&str`
  --> $DIR/edge_cases.rs:36:48
   |
LL | fn request_method(verb: &'static MethodStr) -> &'static MethodStr {
   |                                                ^^^^^^^^^^^^^^^^^^
   |
   = help: use `http::Method` or `reqwest::Method`

warning: 10 warnings emitted

