warning: this `.map_err` only converts the error type
  --> $DIR/main.rs:31:34
   |
LL |     let port = raw.parse::<u16>().map_err(Error::from)?;
   |                                  ^^^^^^^^^^^^^^^^^^^^^ help: remove `.map_err(...)` and let `?` apply the `From` conversion
   |
   = note: `#[warn(unnecessary_map_err)]` on by default

warning: this `.map_err` only converts the error type
  --> $DIR/main.rs:36:23
   |
LL |     raw.parse::<u16>().map_err(From::from)
   |                       ^^^^^^^^^^^^^^^^^^^^
   |
   = help: remove `.map_err(...)` and propagate the error with `?`, as in `Ok(value?)`

warning: this `.map_err` only converts the error type
  --> $DIR/main.rs:40:23
   |
LL |     raw.parse::<u16>().map_err(Into::into)
   |                       ^^^^^^^^^^^^^^^^^^^^
   |
   = help: remove `.map_err(...)` and propagate the error with `?`, as in `Ok(value?)`

warning: this `.map_err` only converts the error type
  --> $DIR/main.rs:44:34
   |
LL |     let port = raw.parse::<u16>().map_err(|error| Error::from(error))?;
   |                                  ^^^^^^^^^^^^^^^^^^^^^^^^^^^^^^^^^^^^ help: remove `.map_err(...)` and let `?` apply the `From` conversion

warning: this `.map_err` only converts the error type
  --> $DIR/main.rs:49:23
   |
LL |     raw.parse::<u16>().map_err(|error| error.into())
   |                       ^^^^^^^^^^^^^^^^^^^^^^^^^^^^^^
   |
   = help: remove `.map_err(...)` and propagate the error with `?`, as in `Ok(value?)`

warning: this `.map_err` only converts the error type
  --> $DIR/main.rs:53:26
   |
LL |     Ok(raw.parse::<u16>().map_err(Error::from)?)
   |                          ^^^^^^^^^^^^^^^^^^^^^ help: remove `.map_err(...)` and let `?` apply the `From` conversion

warning: this `.map_err` only converts the error type
  --> $DIR/main.rs:57:23
   |
LL |     raw.parse::<u16>().map_err(Error::from)
   |                       ^^^^^^^^^^^^^^^^^^^^^
   |
   = help: remove `.map_err(...)` and propagate the error with `?`, as in `Ok(value?)`

warning: this `.map_err` only converts the error type
  --> $DIR/main.rs:86:42
   |
LL |     let text = std::str::from_utf8(bytes).map_err(|error| Error::from(error))?;
   |                                          ^^^^^^^^^^^^^^^^^^^^^^^^^^^^^^^^^^^^ help: remove `.map_err(...)` and let `?` apply the `From` conversion

warning: 8 warnings emitted

