warning: dependency `workspace_alpha_dep` appears after `workspace_zeta_dep` but should sort before it
  --> $DIR/Cargo.toml:26:1
   |
LL | workspace_alpha_dep = { path = "workspace_alpha_dep" }
   | ^^^^^^^^^^^^^^^^^^^
   |
   = help: sort contiguous dependency entries alphabetically within each Cargo dependency table
   = note: `#[warn(dependency_key_order)]` on by default

warning: dependency `alpha_dep` appears after `zeta_dep` but should sort before it
  --> $DIR/Cargo.toml:30:1
   |
LL | alpha_dep = { path = "alpha_dep" }
   | ^^^^^^^^^
   |
   = help: sort contiguous dependency entries alphabetically within each Cargo dependency table

warning: dependency `dev_alpha_dep` appears after `dev_zeta_dep` but should sort before it
  --> $DIR/Cargo.toml:40:1
   |
LL | dev_alpha_dep = { path = "dev_alpha_dep" }
   | ^^^^^^^^^^^^^
   |
   = help: sort contiguous dependency entries alphabetically within each Cargo dependency table

warning: dependency `make_alpha_dep` appears after `make_zeta_dep` but should sort before it
  --> $DIR/Cargo.toml:44:1
   |
LL | make_alpha_dep = { package = "b$DIRld-alpha-dep", path = "b$DIRld_alpha_dep" }
   | ^^^^^^^^^^^^^^
   |
   = help: sort contiguous dependency entries alphabetically within each Cargo dependency table

warning: dependency `unix_alpha_dep` appears after `unix_zeta_dep` but should sort before it
  --> $DIR/Cargo.toml:48:1
   |
LL | unix_alpha_dep = { path = "unix_alpha_dep" }
   | ^^^^^^^^^^^^^^
   |
   = help: sort contiguous dependency entries alphabetically within each Cargo dependency table

warning: 5 warnings emitted

