warning: this recursive type is configured to inline its schema
  --> $DIR/main.rs:12:1
   |
LL | struct InlineNode {
   | ^^^^^^^^^^^^^^^^^
   |
   = help: remove `#[schemars(inline)]` or return `false` from `inline_schema`
   = note: `#[warn(schemars_recursive_inline_schema)]` on by default

warning: this recursive type is configured to inline its schema
  --> $DIR/main.rs:30:1
   |
LL | struct TupleInlineNode {
   | ^^^^^^^^^^^^^^^^^^^^^^
   |
   = help: remove `#[schemars(inline)]` or return `false` from `inline_schema`

warning: this recursive type is configured to inline its schema
  --> $DIR/main.rs:38:1
   |
LL | struct ReferenceInlineNode {
   | ^^^^^^^^^^^^^^^^^^^^^^^^^^
   |
   = help: remove `#[schemars(inline)]` or return `false` from `inline_schema`

warning: this recursive type is configured to inline its schema
  --> $DIR/main.rs:44:1
   |
LL | struct BlockInlineNode {
   | ^^^^^^^^^^^^^^^^^^^^^^
   |
   = help: remove `#[schemars(inline)]` or return `false` from `inline_schema`

warning: this recursive type is configured to inline its schema
  --> $DIR/main.rs:22:1
   |
LL | struct ManualInlineNode {
   | ^^^^^^^^^^^^^^^^^^^^^^^
   |
   = help: remove `#[schemars(inline)]` or return `false` from `inline_schema`

warning: 5 warnings emitted

