warning: this standard conversion impl logs while converting
  --> $DIR/main.rs:16:9
   |
LL |         eprintln!("converting user id: {raw}");
   |         ^^^^^^^^^^^^^^^^^^^^^^^^^^^^^^^^^^^^^^
   |
   = help: return a value or error and let the caller choose where to log
   = note: `#[warn(logged_conversion_impl)]` on by default

warning: this standard conversion impl logs while converting
  --> $DIR/main.rs:25:9
   |
LL |         tracing::error!("bad user id: {raw}");
   |         ^^^^^^^^^^^^^^^^^^^^^^^^^^^^^^^^^^^^^
   |
   = help: return a value or error and let the caller choose where to log

warning: this standard conversion impl logs while converting
  --> $DIR/main.rs:34:9
   |
LL |         tracing::warn!(raw, "parsing user id");
   |         ^^^^^^^^^^^^^^^^^^^^^^^^^^^^^^^^^^^^^^
   |
   = help: return a value or error and let the caller choose where to log

warning: this standard conversion impl logs while converting
  --> $DIR/main.rs:43:9
   |
LL |         kslog::warn("converting bytes to user id");
   |         ^^^^^^^^^^^^^^^^^^^^^^^^^^^^^^^^^^^^^^^^^^
   |
   = help: return a value or error and let the caller choose where to log

warning: 4 warnings emitted

