warning: wildcards in nested router paths panic
  --> $DIR/main.rs:8:40
   |
LL |     let _: Router = Router::new().nest("/api/{*rest}", Router::new());
   |                                        ^^^^^^^^^^^^^^
   |
   = help: nest at a fixed prefix and route the wildcard inside the nested router
   = note: `#[warn(axum_nest_wildcard_path)]` on by default

warning: wildcards in nested router paths panic
  --> $DIR/main.rs:10:48
   |
LL |     let _: Router = Router::new().nest_service("/static/{*path}", get(|| async {}));
   |                                                ^^^^^^^^^^^^^^^^^
   |
   = help: nest at a fixed prefix and route the wildcard inside the nested router

warning: wildcards in nested router paths panic
  --> $DIR/main.rs:11:40
   |
LL |     let _: Router = Router::new().nest(WILDCARD, Router::new());
   |                                        ^^^^^^^^
   |
   = help: nest at a fixed prefix and route the wildcard inside the nested router

warning: wildcards in nested router paths panic
  --> $DIR/main.rs:23:40
   |
LL |     let _: Router = Router::new().nest(path, Router::new());
   |                                        ^^^^
   |
   = help: nest at a fixed prefix and route the wildcard inside the nested router

warning: 4 warnings emitted

