warning: error variant `Timeout` has broad field `details` using `String`
  --> $DIR/edge_cases.rs:4:24
   |
LL |     Timeout { details: String },
   |                        ^^^^^^
   |
   = help: use a concrete source error, a focused variant, or a redacted domain value
   = note: `#[warn(broad_string_error_variant)]` on by default

warning: error variant `Message` has broad tuple variant `Message` using `&str`
  --> $DIR/edge_cases.rs:5:13
   |
LL |     Message(&'static str),
   |             ^^^^^^^^^^^^
   |
   = help: use a concrete source error, a focused variant, or a redacted domain value

warning: error variant `Rejected` has broad field `error` using `&str`
  --> $DIR/edge_cases.rs:11:23
   |
LL |     Rejected { error: &'static str },
   |                       ^^^^^^^^^^^^
   |
   = help: use a concrete source error, a focused variant, or a redacted domain value

warning: error variant `Aliased` has broad field `reason` using `String`
  --> $DIR/edge_cases.rs:23:23
   |
LL |     Aliased { reason: Text },
   |                       ^^^^
   |
   = help: use a concrete source error, a focused variant, or a redacted domain value

warning: error variant `Details` has broad tuple variant `Details` using `&str`
  --> $DIR/edge_cases.rs:24:13
   |
LL |     Details(Borrowed<'a>),
   |             ^^^^^^^^^^^^
   |
   = help: use a concrete source error, a focused variant, or a redacted domain value

warning: 5 warnings emitted

