warning: `Backtrace` fields are detected without `#[backtrace]`
  --> $DIR/main.rs:13:5
   |
LL |     #[backtrace]
   |     ^^^^^^^^^^^^ help: remove the redundant `#[backtrace]` attribute
   |
   = note: `#[warn(thiserror_redundant_backtrace_attr)]` on by default

warning: `Backtrace` fields are detected without `#[backtrace]`
  --> $DIR/main.rs:20:5
   |
LL |     #[backtrace]
   |     ^^^^^^^^^^^^ help: remove the redundant `#[backtrace]` attribute

warning: `Backtrace` fields are detected without `#[backtrace]`
  --> $DIR/main.rs:27:5
   |
LL |     #[backtrace]
   |     ^^^^^^^^^^^^ help: remove the redundant `#[backtrace]` attribute

warning: `Backtrace` fields are detected without `#[backtrace]`
  --> $DIR/main.rs:34:5
   |
LL |     #[backtrace]
   |     ^^^^^^^^^^^^ help: remove the redundant `#[backtrace]` attribute

warning: 4 warnings emitted

