warning: fallible collection loop can use `Iterator::collect`
  --> $DIR/main.rs:10:5
   |
LL | /     for value in values {
LL | |         output.push(value.parse()?);
LL | |     }
   | |_____^
   |
   = help: use `map(...).collect()` with the matching fallible collection type
   = note: `#[warn(manual_fallible_collect_loop)]` on by default

warning: fallible collection loop can use `Iterator::collect`
  --> $DIR/main.rs:19:5
   |
LL | /     for value in values {
LL | |         output.push(value.parse::<i32>().map_err(|_| String::from("bad ?"))?);
LL | |     }
   | |_____^
   |
   = help: use `map(...).collect()` with the matching fallible collection type

warning: fallible collection loop can use `Iterator::collect`
  --> $DIR/main.rs:27:5
   |
LL | /     for value in values {
LL | |         output.insert(value.parse()?);
LL | |     }
   | |_____^
   |
   = help: use `map(...).collect()` with the matching fallible collection type

warning: fallible collection loop can use `Iterator::collect`
  --> $DIR/main.rs:35:5
   |
LL | /     for value in values {
LL | |         output.push_back(value.parse().ok()?);
LL | |     }
   | |_____^
   |
   = help: use `map(...).collect()` with the matching fallible collection type

warning: fallible collection loop can use `Iterator::collect`
  --> $DIR/main.rs:62:5
   |
LL | /     for value in values {
LL | |         output.push(value.parse().ok()?);
LL | |     }
   | |_____^
   |
   = help: use `map(...).collect()` with the matching fallible collection type

warning: 5 warnings emitted

