warning: `assert_display_snapshot!` is deprecated
  --> $DIR/main.rs:8:5
   |
LL |     insta::assert_display_snapshot!("value");
   |     ^^^^^^^^^^^^^^^^^^^^^^^^^^^^^^^^^^^^^^^^ help: use `assert_snapshot!`, which accepts the same `Display` values: `insta::assert_snapshot!("value")`
   |
   = note: `#[warn(insta_deprecated_assert_display)]` on by default

warning: `assert_display_snapshot!` is deprecated
  --> $DIR/main.rs:9:5
   |
LL |     ::insta::assert_display_snapshot!("value");
   |     ^^^^^^^^^^^^^^^^^^^^^^^^^^^^^^^^^^^^^^^^^^ help: use `assert_snapshot!`, which accepts the same `Display` values: `::insta::assert_snapshot!("value")`

warning: `assert_display_snapshot!` is deprecated
  --> $DIR/main.rs:10:5
   |
LL |     assert_display_snapshot!("value");
   |     ^^^^^^^^^^^^^^^^^^^^^^^^^^^^^^^^^
   |
   = help: use `assert_snapshot!`, which accepts the same `Display` values

warning: 3 warnings emitted

