warning: all fields use one Serde rename convention
  --> $DIR/main.rs:9:5
   |
LL |     #[serde(rename = "firstName")]
   |     ^^^^^^^^^^^^^^^^^^^^^^^^^^^^^^
   |
   = note: `#[warn(serde_manual_rename_all)]` on by default
help: add `#[serde(rename_all = "camelCase")]` to the struct and remove its field-level renames
   |
LL + #[serde(rename_all = "camelCase")]
LL | struct BothDirections {
LL ~     first_name: String,
LL ~     last_name: String,
   |

warning: all fields use one Serde rename convention
  --> $DIR/main.rs:17:5
   |
LL |     #[serde(rename(serialize = "user-id"))]
   |     ^^^^^^^^^^^^^^^^^^^^^^^^^^^^^^^^^^^^^^^
   |
help: add `#[serde(rename_all(serialize = "kebab-case"))]` to the struct and remove its field-level renames
   |
LL + #[serde(rename_all(serialize = "kebab-case"))]
LL | struct SerializeOnly {
LL ~     user_id: String,
LL ~     team_id: String,
   |

warning: all fields use one Serde rename convention
  --> $DIR/main.rs:25:5
   |
LL |     #[serde(rename(deserialize = "FIRST-NAME"))]
   |     ^^^^^^^^^^^^^^^^^^^^^^^^^^^^^^^^^^^^^^^^^^^^
   |
help: add `#[serde(rename_all(deserialize = "SCREAMING-KEBAB-CASE"))]` to the struct and remove its field-level renames
   |
LL + #[serde(rename_all(deserialize = "SCREAMING-KEBAB-CASE"))]
LL | struct DifferentDirections {
LL ~     first_name: String,
LL ~     last_name: String,
   |

warning: all fields use one Serde rename convention
  --> $DIR/main.rs:33:5
   |
LL |     #[serde(rename = "firstName", default)]
   |     ^^^^^^^^^^^^^^^^^^^^^^^^^^^^^^^^^^^^^^^
   |
   = help: add `#[serde(rename_all = "camelCase")]` to the struct and remove its field-level renames

warning: all fields use one Serde rename convention
  --> $DIR/main.rs:41:5
   |
LL |     #[serde(rename = "TYPE")]
   |     ^^^^^^^^^^^^^^^^^^^^^^^^^
   |
help: add `#[serde(rename_all(serialize = "SCREAMING_SNAKE_CASE"))]` to the struct and remove its field-level renames
   |
LL + #[serde(rename_all(serialize = "SCREAMING_SNAKE_CASE"))]
LL | struct RawIdentifier {
LL ~     r#type: String,
LL ~     user_id: String,
   |

warning: all fields use one Serde rename convention
  --> $DIR/main.rs:89:13
   |
LL |             #[serde(rename = "firstName")]
   |             ^^^^^^^^^^^^^^^^^^^^^^^^^^^^^^
...
LL | renamed_struct!(MacroGenerated);
   | ------------------------------- in this macro invocation
   |
   = help: add `#[serde(rename_all(serialize = "camelCase"))]` to the struct and remove its field-level renames
   = note: this warning originates in the macro `renamed_struct` (in Nightly builds, run with -Z macro-backtrace for more info)

warning: 6 warnings emitted

