warning: this system is registered in a repeating schedule and derives a Bevy text raster size from a time- or distance-based value that may vary between runs
  --> $DIR/main.rs:98:40
   |
LL |         label.font_size = FontSize::Px(size);
   |                                        ^^^^
   |
   = help: if rendered sizes differ, they may use distinct font atlas keys; keep the raster size stable and scale the entity when layout and visual quality allow
   = note: `#[warn(bevy_continuous_font_size)]` on by default

warning: this system is registered in a repeating schedule and derives a Bevy text raster size from a time- or distance-based value that may vary between runs
  --> $DIR/main.rs:134:46
   |
LL |         label.font_size = FontSize::Px(clock.elapsed_secs());
   |                                              ^^^^^^^^^^^^
   |
   = help: if rendered sizes differ, they may use distinct font atlas keys; keep the raster size stable and scale the entity when layout and visual quality allow

warning: this system is registered in a repeating schedule and derives a Bevy text raster size from a time- or distance-based value that may vary between runs
  --> $DIR/main.rs:158:46
   |
LL |         label.font_size = FontSize::Px(clock.elapsed_secs());
   |                                              ^^^^^^^^^^^^
   |
   = help: if rendered sizes differ, they may use distinct font atlas keys; keep the raster size stable and scale the entity when layout and visual quality allow

warning: this system is registered in a repeating schedule and derives a Bevy text raster size from a time- or distance-based value that may vary between runs
  --> $DIR/main.rs:164:46
   |
LL |         label.font_size = FontSize::Px(clock.elapsed_secs());
   |                                              ^^^^^^^^^^^^
   |
   = help: if rendered sizes differ, they may use distinct font atlas keys; keep the raster size stable and scale the entity when layout and visual quality allow

warning: this system is registered in a repeating schedule and derives a Bevy text raster size from a time- or distance-based value that may vary between runs
  --> $DIR/main.rs:176:46
   |
LL |         label.font_size = FontSize::Px(clock.elapsed_secs());
   |                                              ^^^^^^^^^^^^
   |
   = help: if rendered sizes differ, they may use distinct font atlas keys; keep the raster size stable and scale the entity when layout and visual quality allow

warning: this system is registered in a repeating schedule and derives a Bevy text raster size from a time- or distance-based value that may vary between runs
  --> $DIR/main.rs:182:46
   |
LL |         label.font_size = FontSize::Px(clock.elapsed_secs());
   |                                              ^^^^^^^^^^^^
   |
   = help: if rendered sizes differ, they may use distinct font atlas keys; keep the raster size stable and scale the entity when layout and visual quality allow

warning: this system is registered in a repeating schedule and derives a Bevy text raster size from a time- or distance-based value that may vary between runs
  --> $DIR/main.rs:188:46
   |
LL |         label.font_size = FontSize::Px(clock.elapsed_secs());
   |                                              ^^^^^^^^^^^^
   |
   = help: if rendered sizes differ, they may use distinct font atlas keys; keep the raster size stable and scale the entity when layout and visual quality allow

warning: this system is registered in a repeating schedule and derives a Bevy text raster size from a time- or distance-based value that may vary between runs
  --> $DIR/main.rs:206:46
   |
LL |         label.font_size = FontSize::Px(clock.elapsed_secs());
   |                                              ^^^^^^^^^^^^
   |
   = help: if rendered sizes differ, they may use distinct font atlas keys; keep the raster size stable and scale the entity when layout and visual quality allow

warning: this system is registered in a repeating schedule and derives a Bevy text raster size from a time- or distance-based value that may vary between runs
  --> $DIR/main.rs:212:40
   |
LL |         label.font_size = FontSize::Px(transform.translation.distance(Vec3::ZERO));
   |                                        ^^^^^^^^^^^^^^^^^^^^^^^^^^^^^^^^^^^^^^^^^^
   |
   = help: if rendered sizes differ, they may use distinct font atlas keys; keep the raster size stable and scale the entity when layout and visual quality allow

warning: this system is registered in a repeating schedule and derives a Bevy text raster size from a time- or distance-based value that may vary between runs
  --> $DIR/main.rs:269:40
   |
LL |         label.font_size = FontSize::Px(size);
   |                                        ^^^^
   |
   = help: if rendered sizes differ, they may use distinct font atlas keys; keep the raster size stable and scale the entity when layout and visual quality allow

warning: this system is registered in a repeating schedule and derives a Bevy text raster size from a time- or distance-based value that may vary between runs
  --> $DIR/main.rs:295:40
   |
LL |         label.font_size = FontSize::Px(canceled_size);
   |                                        ^^^^^^^^^^^^^
   |
   = help: if rendered sizes differ, they may use distinct font atlas keys; keep the raster size stable and scale the entity when layout and visual quality allow

warning: this system is registered in a repeating schedule and derives a Bevy text raster size from a time- or distance-based value that may vary between runs
  --> $DIR/main.rs:297:50
   |
LL |             label.font_size = FontSize::Px(clock.elapsed_secs());
   |                                                  ^^^^^^^^^^^^
   |
   = help: if rendered sizes differ, they may use distinct font atlas keys; keep the raster size stable and scale the entity when layout and visual quality allow

warning: this system is registered in a repeating schedule and derives a Bevy text raster size from a time- or distance-based value that may vary between runs
  --> $DIR/main.rs:299:46
   |
LL |         label.font_size = FontSize::Px(clock.elapsed_secs() + ADDITIVE_OFFSET);
   |                                              ^^^^^^^^^^^^
   |
   = help: if rendered sizes differ, they may use distinct font atlas keys; keep the raster size stable and scale the entity when layout and visual quality allow

warning: this system is registered in a repeating schedule and derives a Bevy text raster size from a time- or distance-based value that may vary between runs
  --> $DIR/main.rs:300:67
   |
LL |         label.font_size = FontSize::Px(SUBTRACTIVE_OFFSET - clock.elapsed_secs());
   |                                                                   ^^^^^^^^^^^^
   |
   = help: if rendered sizes differ, they may use distinct font atlas keys; keep the raster size stable and scale the entity when layout and visual quality allow

warning: this system is registered in a repeating schedule and derives a Bevy text raster size from a time- or distance-based value that may vary between runs
  --> $DIR/main.rs:301:61
   |
LL |         label.font_size = FontSize::Px(SCALE_FACTOR * clock.elapsed_secs());
   |                                                             ^^^^^^^^^^^^
   |
   = help: if rendered sizes differ, they may use distinct font atlas keys; keep the raster size stable and scale the entity when layout and visual quality allow

warning: this system is registered in a repeating schedule and derives a Bevy text raster size from a time- or distance-based value that may vary between runs
  --> $DIR/main.rs:302:46
   |
LL |         label.font_size = FontSize::Px(clock.elapsed_secs() / DIVISOR);
   |                                              ^^^^^^^^^^^^
   |
   = help: if rendered sizes differ, they may use distinct font atlas keys; keep the raster size stable and scale the entity when layout and visual quality allow

warning: this system is registered in a repeating schedule and derives a Bevy text raster size from a time- or distance-based value that may vary between runs
  --> $DIR/main.rs:303:47
   |
LL |         label.font_size = FontSize::Px(-clock.elapsed_secs());
   |                                               ^^^^^^^^^^^^
   |
   = help: if rendered sizes differ, they may use distinct font atlas keys; keep the raster size stable and scale the entity when layout and visual quality allow

warning: this system is registered in a repeating schedule and derives a Bevy text raster size from a time- or distance-based value that may vary between runs
  --> $DIR/main.rs:304:46
   |
LL |         label.font_size = FontSize::Px(clock.elapsed_secs_f64() as f32);
   |                                              ^^^^^^^^^^^^^^^^
   |
   = help: if rendered sizes differ, they may use distinct font atlas keys; keep the raster size stable and scale the entity when layout and visual quality allow

warning: this system is registered in a repeating schedule and derives a Bevy text raster size from a time- or distance-based value that may vary between runs
  --> $DIR/main.rs:308:27
   |
LL |             true => clock.elapsed_secs(),
   |                           ^^^^^^^^^^^^
   |
   = help: if rendered sizes differ, they may use distinct font atlas keys; keep the raster size stable and scale the entity when layout and visual quality allow

warning: this system is registered in a repeating schedule and derives a Bevy text raster size from a time- or distance-based value that may vary between runs
  --> $DIR/main.rs:313:28
   |
LL |             false => clock.elapsed_secs(),
   |                            ^^^^^^^^^^^^
   |
   = help: if rendered sizes differ, they may use distinct font atlas keys; keep the raster size stable and scale the entity when layout and visual quality allow

warning: this system is registered in a repeating schedule and derives a Bevy text raster size from a time- or distance-based value that may vary between runs
  --> $DIR/main.rs:316:46
   |
LL |         label.font_size = FontSize::Px(clock.elapsed_secs() * Factors::VALUE);
   |                                              ^^^^^^^^^^^^
   |
   = help: if rendered sizes differ, they may use distinct font atlas keys; keep the raster size stable and scale the entity when layout and visual quality allow

warning: this system is registered in a repeating schedule and derives a Bevy text raster size from a time- or distance-based value that may vary between runs
  --> $DIR/main.rs:320:46
   |
LL |         label.font_size = FontSize::Px(clock.elapsed_secs() * NONZERO_FACTOR);
   |                                              ^^^^^^^^^^^^
   |
   = help: if rendered sizes differ, they may use distinct font atlas keys; keep the raster size stable and scale the entity when layout and visual quality allow

warning: this system is registered in a repeating schedule and derives a Bevy text raster size from a time- or distance-based value that may vary between runs
  --> $DIR/main.rs:322:47
   |
LL |         label.font_size = FontSize::Px((clock.elapsed_secs_f64() * NONZERO_F64_FACTOR) as f32);
   |                                               ^^^^^^^^^^^^^^^^
   |
   = help: if rendered sizes differ, they may use distinct font atlas keys; keep the raster size stable and scale the entity when layout and visual quality allow

warning: this system is registered in a repeating schedule and derives a Bevy text raster size from a time- or distance-based value that may vary between runs
  --> $DIR/main.rs:323:47
   |
LL |         label.font_size = FontSize::Px((clock.elapsed_secs_f64() * NEGATIVE_F64_FACTOR) as f32);
   |                                               ^^^^^^^^^^^^^^^^
   |
   = help: if rendered sizes differ, they may use distinct font atlas keys; keep the raster size stable and scale the entity when layout and visual quality allow

warning: this system is registered in a repeating schedule and derives a Bevy text raster size from a time- or distance-based value that may vary between runs
  --> $DIR/main.rs:324:47
   |
LL |         label.font_size = FontSize::Px((clock.elapsed_secs_f64() * ARITHMETIC_F64_FACTOR) as f32);
   |                                               ^^^^^^^^^^^^^^^^
   |
   = help: if rendered sizes differ, they may use distinct font atlas keys; keep the raster size stable and scale the entity when layout and visual quality allow

warning: this system is registered in a repeating schedule and derives a Bevy text raster size from a time- or distance-based value that may vary between runs
  --> $DIR/main.rs:331:46
   |
LL |         label.font_size = FontSize::Px(clock.elapsed_secs() * MAX_DEPTH_FACTOR);
   |                                              ^^^^^^^^^^^^
   |
   = help: if rendered sizes differ, they may use distinct font atlas keys; keep the raster size stable and scale the entity when layout and visual quality allow

warning: this system is registered in a repeating schedule and derives a Bevy text raster size from a time- or distance-based value that may vary between runs
  --> $DIR/main.rs:352:46
   |
LL |         label.font_size = FontSize::Px(clock.elapsed_secs_f64() as f32);
   |                                              ^^^^^^^^^^^^^^^^
   |
   = help: if rendered sizes differ, they may use distinct font atlas keys; keep the raster size stable and scale the entity when layout and visual quality allow

warning: this system is registered in a repeating schedule and derives a Bevy text raster size from a time- or distance-based value that may vary between runs
  --> $DIR/main.rs:353:46
   |
LL |         label.font_size = FontSize::Px(clock.elapsed_secs_wrapped());
   |                                              ^^^^^^^^^^^^^^^^^^^^
   |
   = help: if rendered sizes differ, they may use distinct font atlas keys; keep the raster size stable and scale the entity when layout and visual quality allow

warning: this system is registered in a repeating schedule and derives a Bevy text raster size from a time- or distance-based value that may vary between runs
  --> $DIR/main.rs:354:46
   |
LL |         label.font_size = FontSize::Px(clock.elapsed_secs_wrapped_f64() as f32);
   |                                              ^^^^^^^^^^^^^^^^^^^^^^^^
   |
   = help: if rendered sizes differ, they may use distinct font atlas keys; keep the raster size stable and scale the entity when layout and visual quality allow

warning: this system is registered in a repeating schedule and derives a Bevy text raster size from a time- or distance-based value that may vary between runs
  --> $DIR/main.rs:355:46
   |
LL |         label.font_size = FontSize::Px(clock.delta_secs_f64() as f32);
   |                                              ^^^^^^^^^^^^^^
   |
   = help: if rendered sizes differ, they may use distinct font atlas keys; keep the raster size stable and scale the entity when layout and visual quality allow

warning: this system is registered in a repeating schedule and derives a Bevy text raster size from a time- or distance-based value that may vary between runs
  --> $DIR/main.rs:356:46
   |
LL |         label.font_size = FontSize::Px(clock.elapsed().as_secs_f32());
   |                                              ^^^^^^^
   |
   = help: if rendered sizes differ, they may use distinct font atlas keys; keep the raster size stable and scale the entity when layout and visual quality allow

warning: this system is registered in a repeating schedule and derives a Bevy text raster size from a time- or distance-based value that may vary between runs
  --> $DIR/main.rs:357:46
   |
LL |         label.font_size = FontSize::Px(clock.delta().as_secs_f32());
   |                                              ^^^^^
   |
   = help: if rendered sizes differ, they may use distinct font atlas keys; keep the raster size stable and scale the entity when layout and visual quality allow

warning: this system is registered in a repeating schedule and derives a Bevy text raster size from a time- or distance-based value that may vary between runs
  --> $DIR/main.rs:405:42
   |
LL |     label.font_size = FontSize::Px(clock.elapsed_secs());
   |                                          ^^^^^^^^^^^^
   |
   = help: if rendered sizes differ, they may use distinct font atlas keys; keep the raster size stable and scale the entity when layout and visual quality allow

warning: this system is registered in a repeating schedule and derives a Bevy text raster size from a time- or distance-based value that may vary between runs
  --> $DIR/main.rs:412:40
   |
LL |         label.font_size = FontSize::Px(size);
   |                                        ^^^^
   |
   = help: if rendered sizes differ, they may use distinct font atlas keys; keep the raster size stable and scale the entity when layout and visual quality allow

warning: this system is registered in a repeating schedule and derives a Bevy text raster size from a time- or distance-based value that may vary between runs
  --> $DIR/main.rs:433:59
   |
LL |         *label = TextFont::default().with_font_size(clock.elapsed_secs() * 1.5);
   |                                                           ^^^^^^^^^^^^
   |
   = help: if rendered sizes differ, they may use distinct font atlas keys; keep the raster size stable and scale the entity when layout and visual quality allow

warning: this system is registered in a repeating schedule and derives a Bevy text raster size from a time- or distance-based value that may vary between runs
  --> $DIR/main.rs:440:43
   |
LL |             font_size: FontSize::Px(clock.delta_secs()),
   |                                           ^^^^^^^^^^
   |
   = help: if rendered sizes differ, they may use distinct font atlas keys; keep the raster size stable and scale the entity when layout and visual quality allow

warning: this system is registered in a repeating schedule and derives a Bevy text raster size from a time- or distance-based value that may vary between runs
  --> $DIR/main.rs:461:46
   |
LL |         label.font_size = FontSize::Px(clock.delta_secs());
   |                                              ^^^^^^^^^^
   |
   = help: if rendered sizes differ, they may use distinct font atlas keys; keep the raster size stable and scale the entity when layout and visual quality allow

warning: this system is registered in a repeating schedule and derives a Bevy text raster size from a time- or distance-based value that may vary between runs
  --> $DIR/main.rs:477:40
   |
LL |         label.font_size = FontSize::Px(size);
   |                                        ^^^^
   |
   = help: if rendered sizes differ, they may use distinct font atlas keys; keep the raster size stable and scale the entity when layout and visual quality allow

warning: this system is registered in a repeating schedule and derives a Bevy text raster size from a time- or distance-based value that may vary between runs
  --> $DIR/main.rs:486:40
   |
LL |         label.font_size = FontSize::Px(size);
   |                                        ^^^^
   |
   = help: if rendered sizes differ, they may use distinct font atlas keys; keep the raster size stable and scale the entity when layout and visual quality allow

warning: this system is registered in a repeating schedule and derives a Bevy text raster size from a time- or distance-based value that may vary between runs
  --> $DIR/main.rs:502:40
   |
LL |         label.font_size = FontSize::Px(size);
   |                                        ^^^^
   |
   = help: if rendered sizes differ, they may use distinct font atlas keys; keep the raster size stable and scale the entity when layout and visual quality allow

warning: this system is registered in a repeating schedule and derives a Bevy text raster size from a time- or distance-based value that may vary between runs
  --> $DIR/main.rs:540:40
   |
LL |         label.font_size = FontSize::Px(size);
   |                                        ^^^^
   |
   = help: if rendered sizes differ, they may use distinct font atlas keys; keep the raster size stable and scale the entity when layout and visual quality allow

warning: 41 warnings emitted

