warning: owned parameter `request` is only borrowed to clone fields into the returned struct
  --> $DIR/edge_cases.rs:32:24
   |
LL | fn clones_three_fields(request: Request) -> Response {
   |                        ^^^^^^^
   |
   = note: `#[warn(owned_input_field_clones)]` on by default
help: move the fields out of the owned input
   |
LL ~         id: request.id,
LL ~         label: request.label,
LL ~         owner: request.owner,
   |

warning: owned parameter `request` is only borrowed to clone fields into the returned struct
  --> $DIR/edge_cases.rs:66:27
   |
LL | fn statements_before_tail(request: Request) -> Response {
   |                           ^^^^^^^
   |
   = help: consume the input by destructuring it, or take it by reference if cloning is intentional

warning: owned parameter `request` is only borrowed to clone fields into the returned struct
  --> $DIR/edge_cases.rs:76:27
   |
LL | fn other_field_uses_input(request: Request) -> Response {
   |                           ^^^^^^^
   |
   = help: consume the input by destructuring it, or take it by reference if cloning is intentional

warning: owned parameter `request` is only borrowed to clone fields into the returned struct
  --> $DIR/edge_cases.rs:85:27
   |
LL | fn clones_one_field_twice(request: Request) -> Response {
   |                           ^^^^^^^
   |
   = help: consume the input by destructuring it, or take it by reference if cloning is intentional

warning: owned parameter `request` is only borrowed to clone fields into the returned struct
  --> $DIR/edge_cases.rs:94:23
   |
LL | fn closure_uses_input(request: Request) -> Response {
   |                       ^^^^^^^
   |
   = help: consume the input by destructuring it, or take it by reference if cloning is intentional

warning: 5 warnings emitted

