warning: `Option` mismatch returns `Err` manually
  --> $DIR/edge_cases.rs:15:5
   |
LL | /     let Some((id, _name)) = lookup_pair() else {
LL | |         return Err(Error::Missing);
LL | |     };
   | |______^
   |
   = note: `#[warn(let_some_return_err)]` on by default
help: convert the initializer with `.ok_or(...)` or `.ok_or_else(...)` and use `?`
   |
LL -     let Some((id, _name)) = lookup_pair() else {
LL -         return Err(Error::Missing);
LL -     };
LL +     let (id, _name) = (lookup_pair()).ok_or_else(|| Error::Missing)?;
   |

warning: `Option` mismatch returns `Err` manually
  --> $DIR/edge_cases.rs:31:5
   |
LL | /     let Some(Point { x, y }) = lookup_point() else {
LL | |         return Err(Error::Missing);
LL | |     };
   | |______^
   |
help: convert the initializer with `.ok_or(...)` or `.ok_or_else(...)` and use `?`
   |
LL -     let Some(Point { x, y }) = lookup_point() else {
LL -         return Err(Error::Missing);
LL -     };
LL +     let Point { x, y } = (lookup_point()).ok_or_else(|| Error::Missing)?;
   |

warning: `Option` mismatch returns `Err` manually
  --> $DIR/edge_cases.rs:38:5
   |
LL | /     let Some(0) = count else {
LL | |         return Err(Error::Missing);
LL | |     };
   | |______^
   |
   = help: convert the initializer with `.ok_or(...)` or `.ok_or_else(...)` and use `?`

warning: `Option` mismatch returns `Err` manually
  --> $DIR/edge_cases.rs:45:5
   |
LL | /     let Some((7, name)) = lookup_pair() else {
LL | |         return Err(Error::Missing);
LL | |     };
   | |______^
   |
   = help: convert the initializer with `.ok_or(...)` or `.ok_or_else(...)` and use `?`

warning: `Option` mismatch returns `Err` manually
  --> $DIR/edge_cases.rs:52:5
   |
LL | /     let Some(value) = value else {
LL | |         return Err(error);
LL | |     };
   | |______^
   |
   = help: convert the initializer with `.ok_or(...)` or `.ok_or_else(...)` and use `?`

warning: `Option` mismatch returns `Err` manually
  --> $DIR/edge_cases.rs:65:5
   |
LL | /     let Some(ref name) = holder.name else {
LL | |         return Err(Error::Missing);
LL | |     };
   | |______^
   |
   = help: convert the initializer with `.ok_or(...)` or `.ok_or_else(...)` and use `?`

warning: `Option` mismatch returns `Err` manually
  --> $DIR/edge_cases.rs:72:5
   |
LL | /     let Some(ref mut count) = holder.count else {
LL | |         return Err(Error::Missing);
LL | |     };
   | |______^
   |
   = help: convert the initializer with `.ok_or(...)` or `.ok_or_else(...)` and use `?`

warning: `Option` mismatch returns `Err` manually
  --> $DIR/edge_cases.rs:80:5
   |
LL | /     let Some(count) = holder.count else {
LL | |         return Err(Error::Missing);
LL | |     };
   | |______^
   |
help: convert the initializer with `.ok_or(...)` or `.ok_or_else(...)` and use `?`
   |
LL -     let Some(count) = holder.count else {
LL -         return Err(Error::Missing);
LL -     };
LL +     let count = (holder.count).ok_or_else(|| Error::Missing)?;
   |

warning: `Option` mismatch returns `Err` manually
  --> $DIR/edge_cases.rs:87:5
   |
LL | /     let Some(value): Option<u64> = raw.parse().ok() else {
LL | |         return Err(Error::Missing);
LL | |     };
   | |______^
   |
   = help: convert the initializer with `.ok_or(...)` or `.ok_or_else(...)` and use `?`

warning: `Option` mismatch returns `Err` manually
  --> $DIR/edge_cases.rs:94:5
   |
LL | /     let Some(value) = value else {
LL | |         return Err(Error::Missing);
LL | |     };
   | |______^
   |
   = help: convert the initializer with `.ok_or(...)` or `.ok_or_else(...)` and use `?`

warning: `Option` mismatch returns `Err` manually
  --> $DIR/edge_cases.rs:112:5
   |
LL | /     let Some(value) = value else {
LL | |         return Err("missing".into());
LL | |     };
   | |______^
   |
   = help: convert the initializer with `.ok_or(...)` or `.ok_or_else(...)` and use `?`

warning: `Option` mismatch returns `Err` manually
  --> $DIR/edge_cases.rs:119:5
   |
LL | /     let Some(value) = value else {
LL | |         return Err(Default::default());
LL | |     };
   | |______^
   |
   = help: convert the initializer with `.ok_or(...)` or `.ok_or_else(...)` and use `?`

warning: `Option` mismatch returns `Err` manually
  --> $DIR/edge_cases.rs:126:5
   |
LL | /     let Some(value) = value else {
LL | |         return Err(5_000_000_000);
LL | |     };
   | |______^
   |
   = help: convert the initializer with `.ok_or(...)` or `.ok_or_else(...)` and use `?`

warning: `Option` mismatch returns `Err` manually
  --> $DIR/edge_cases.rs:133:5
   |
LL | /     let Some(value) = value else {
LL | |         return Err(Box::new(std::fmt::Error));
LL | |     };
   | |______^
   |
   = help: convert the initializer with `.ok_or(...)` or `.ok_or_else(...)` and use `?`

warning: `Option` mismatch returns `Err` manually
  --> $DIR/edge_cases.rs:140:5
   |
LL | /     let Some(value) = value else {
LL | |         return Err(None);
LL | |     };
   | |______^
   |
   = help: convert the initializer with `.ok_or(...)` or `.ok_or_else(...)` and use `?`

warning: `Option` mismatch returns `Err` manually
  --> $DIR/edge_cases.rs:147:5
   |
LL | /     let Some(value) = value else {
LL | |         return Err("missing".to_string());
LL | |     };
   | |______^
   |
help: convert the initializer with `.ok_or(...)` or `.ok_or_else(...)` and use `?`
   |
LL -     let Some(value) = value else {
LL -         return Err("missing".to_string());
LL -     };
LL +     let value = (value).ok_or_else(|| "missing".to_string())?;
   |

warning: `Option` mismatch returns `Err` manually
  --> $DIR/edge_cases.rs:154:5
   |
LL | /     let Some(value) = value else {
LL | |         return Err(5_i64);
LL | |     };
   | |______^
   |
help: convert the initializer with `.ok_or(...)` or `.ok_or_else(...)` and use `?`
   |
LL -     let Some(value) = value else {
LL -         return Err(5_i64);
LL -     };
LL +     let value = (value).ok_or_else(|| 5_i64)?;
   |

warning: `Option` mismatch returns `Err` manually
  --> $DIR/edge_cases.rs:165:5
   |
LL | /     let Some(value) = value else {
LL | |         return Err(Detail { code: 1 });
LL | |     };
   | |______^
   |
help: convert the initializer with `.ok_or(...)` or `.ok_or_else(...)` and use `?`
   |
LL -     let Some(value) = value else {
LL -         return Err(Detail { code: 1 });
LL -     };
LL +     let value = (value).ok_or_else(|| Detail { code: 1 })?;
   |

warning: `Option` mismatch returns `Err` manually
  --> $DIR/edge_cases.rs:174:5
   |
LL | /     let Some(value) = value else {
LL | |         return Err(MISSING);
LL | |     };
   | |______^
   |
help: convert the initializer with `.ok_or(...)` or `.ok_or_else(...)` and use `?`
   |
LL -     let Some(value) = value else {
LL -         return Err(MISSING);
LL -     };
LL +     let value = (value).ok_or_else(|| MISSING)?;
   |

warning: `Option` mismatch returns `Err` manually
  --> $DIR/edge_cases.rs:183:5
   |
LL | /     let Some(_) = value else {
LL | |         return Err(Error::Missing);
LL | |     };
   | |______^
   |
help: convert the initializer with `.ok_or(...)` or `.ok_or_else(...)` and use `?`
   |
LL -     let Some(_) = value else {
LL -         return Err(Error::Missing);
LL -     };
LL +     let _ = (value).ok_or_else(|| Error::Missing)?;
   |

warning: `Option` mismatch returns `Err` manually
  --> $DIR/edge_cases.rs:190:5
   |
LL | /     let Some(&value) = value else {
LL | |         return Err(Error::Missing);
LL | |     };
   | |______^
   |
help: convert the initializer with `.ok_or(...)` or `.ok_or_else(...)` and use `?`
   |
LL -     let Some(&value) = value else {
LL -         return Err(Error::Missing);
LL -     };
LL +     let &value = (value).ok_or_else(|| Error::Missing)?;
   |

warning: `Option` mismatch returns `Err` manually
  --> $DIR/edge_cases.rs:203:5
   |
LL | /     let Some(Wrapper(value)) = lookup_wrapper() else {
LL | |         return Err(Error::Missing);
LL | |     };
   | |______^
   |
help: convert the initializer with `.ok_or(...)` or `.ok_or_else(...)` and use `?`
   |
LL -     let Some(Wrapper(value)) = lookup_wrapper() else {
LL -         return Err(Error::Missing);
LL -     };
LL +     let Wrapper(value) = (lookup_wrapper()).ok_or_else(|| Error::Missing)?;
   |

warning: `Option` mismatch returns `Err` manually
  --> $DIR/edge_cases.rs:210:5
   |
LL | /     let Some(value) = value else {
LL | |         return Err((|| Error::Missing)());
LL | |     };
   | |______^
   |
   = help: convert the initializer with `.ok_or(...)` or `.ok_or_else(...)` and use `?`

warning: 23 warnings emitted

