warning: `Backtrace` fields are detected without `#[backtrace]`
  --> $DIR/main.rs:16:5
   |
LL |       #[backtrace]
   |  _____-^^^^^^^^^^^
LL | |     backtrace: std::backtrace::Backtrace,
   | |____- help: remove the redundant `#[backtrace]` attribute
   |
   = note: `#[warn(thiserror_redundant_backtrace_attr)]` on by default

warning: `Backtrace` fields are detected without `#[backtrace]`
  --> $DIR/main.rs:23:20
   |
LL |     Failed(String, #[backtrace] Backtrace),
   |                    ^^^^^^^^^^^^-
   |                    |
   |                    help: remove the redundant `#[backtrace]` attribute

warning: `Backtrace` fields are detected without `#[backtrace]`
  --> $DIR/main.rs:33:9
   |
LL |           #[backtrace]
   |  _________-^^^^^^^^^^^
LL | |         trace: Backtrace,
   | |________- help: remove the redundant `#[backtrace]` attribute

warning: 3 warnings emitted

