warning: this empty route-service path panics
  --> $DIR/main.rs:8:49
   |
LL |     let _: Router = Router::new().route_service("", Router::new());
   |                                                 ^^ help: use a nonempty path beginning with `/`: `"/"`
   |
   = note: `#[warn(axum_route_service_empty_path)]` on by default

warning: this empty route-service path panics
  --> $DIR/main.rs:15:49
   |
LL |     let _: Router = Router::new().route_service(path, Router::new());
   |                                                 ^^^^
   |
   = help: use a nonempty path beginning with `/`

warning: this empty route-service path panics
  --> $DIR/main.rs:16:49
   |
LL |     let _: Router = Router::new().route_service(path, Router::new());
   |                                                 ^^^^
   |
   = help: use a nonempty path beginning with `/`

warning: 3 warnings emitted

