warning: command line arguments are parsed manually
  --> $DIR/edge_cases.rs:8:18
   |
LL |     let _first = std::env::args().skip(1).next();
   |                  ^^^^^^^^^^^^^^
   |
   = help: derive `clap::Parser` for the CLI shape, or use `clap` parsing instead
   = note: `#[warn(manual_arg_parsing)]` on by default

warning: command line arguments are parsed manually
  --> $DIR/edge_cases.rs:12:24
   |
LL |     let _all: Vec<_> = args_os().collect();
   |                        ^^^^^^^
   |
   = help: derive `clap::Parser` for the CLI shape, or use `clap` parsing instead

warning: command line arguments are parsed manually
  --> $DIR/edge_cases.rs:32:18
   |
LL |     let _count = std::env::args_os()
   |                  ^^^^^^^^^^^^^^^^^
   |
   = help: derive `clap::Parser` for the CLI shape, or use `clap` parsing instead

warning: command line arguments are parsed manually
  --> $DIR/edge_cases.rs:50:23
   |
LL |     LocalCommand.args(std::env::args_os().skip(1));
   |                       ^^^^^^^^^^^^^^^^^
   |
   = help: derive `clap::Parser` for the CLI shape, or use `clap` parsing instead

warning: command line arguments are parsed manually
  --> $DIR/edge_cases.rs:51:24
   |
LL |     LocalCommand.count(std::env::args().skip(1));
   |                        ^^^^^^^^^^^^^^
   |
   = help: derive `clap::Parser` for the CLI shape, or use `clap` parsing instead

warning: command line arguments are parsed manually
  --> $DIR/edge_cases.rs:55:21
   |
LL |     let arguments = std::env::args_os().skip(1);
   |                     ^^^^^^^^^^^^^^^^^
   |
   = help: derive `clap::Parser` for the CLI shape, or use `clap` parsing instead

warning: command line arguments are parsed manually
  --> $DIR/edge_cases.rs:60:61
   |
LL |     let _command = std::process::Command::new("child").args(std::env::args_os().filter(|_| true));
   |                                                             ^^^^^^^^^^^^^^^^^
   |
   = help: derive `clap::Parser` for the CLI shape, or use `clap` parsing instead

warning: command line arguments are parsed manually
  --> $DIR/edge_cases.rs:65:15
   |
LL |         .args(std::env::args_os().chain(std::iter::once(std::ffi::OsString::from("--extra"))));
   |               ^^^^^^^^^^^^^^^^^
   |
   = help: derive `clap::Parser` for the CLI shape, or use `clap` parsing instead

warning: command line arguments are parsed manually
  --> $DIR/edge_cases.rs:69:20
   |
LL |     std::mem::drop(std::env::args());
   |                    ^^^^^^^^^^^^^^
   |
   = help: derive `clap::Parser` for the CLI shape, or use `clap` parsing instead

warning: command line arguments are parsed manually
  --> $DIR/edge_cases.rs:73:13
   |
LL |     let _ = std::env::args();
   |             ^^^^^^^^^^^^^^
   |
   = help: derive `clap::Parser` for the CLI shape, or use `clap` parsing instead

warning: 10 warnings emitted

