warning: logging message uses string interpolation
  --> $DIR/logging_macro_ui.rs:25:26
   |
LL |     tracing::info!(user, "received {user}");
   |                          ^^^^^^^^^^^^^^^^^
   |
   = help: put runtime values in structured key/value fields and keep the message static
   = note: `#[warn(interpolated_logging)]` on by default

warning: logging message uses string interpolation
  --> $DIR/logging_macro_ui.rs:26:20
   |
LL |     tracing::info!("received {user}");
   |                    ^^^^^^^^^^^^^^^^^
   |
   = help: put runtime values in structured key/value fields and keep the message static

warning: logging message uses string interpolation
  --> $DIR/logging_macro_ui.rs:27:20
   |
LL |     tracing::info!(r"received {user}");
   |                    ^^^^^^^^^^^^^^^^^^
   |
   = help: put runtime values in structured key/value fields and keep the message static

warning: logging message uses string interpolation
  --> $DIR/logging_macro_ui.rs:28:28
   |
LL |     tracing::info!(concat!("received {", "}",), user);
   |                            ^^^^^^^^^^^^
   |
   = help: put runtime values in structured key/value fields and keep the message static

warning: logging message uses string interpolation
  --> $DIR/logging_macro_ui.rs:53:9
   |
LL |         "log received {}",
   |         ^^^^^^^^^^^^^^^^^
   |
   = help: put runtime values in structured key/value fields and keep the message static

warning: logging message uses string interpolation
  --> $DIR/logging_macro_ui.rs:63:9
   |
LL |         "logger received {user}"
   |         ^^^^^^^^^^^^^^^^^^^^^^^^
   |
   = help: put runtime values in structured key/value fields and keep the message static

warning: logging message uses string interpolation
  --> $DIR/logging_macro_ui.rs:65:38
   |
LL |     log::info!(target: "log-target", "log received {}", user.saturating_add(1));
   |                                      ^^^^^^^^^^^^^^^^^
   |
   = help: put runtime values in structured key/value fields and keep the message static

warning: logging message uses string interpolation
  --> $DIR/logging_macro_ui.rs:71:17
   |
LL |         concat!(r"received {}", 1, 'x', true, false, 2.5, -3, -0.5),
   |                 ^^^^^^^^^^^^^^
   |
   = help: put runtime values in structured key/value fields and keep the message static

warning: logging message uses string interpolation
  --> $DIR/logging_macro_ui.rs:74:28
   |
LL |     tracing::info!(concat!("{", '0', "}"), user);
   |                            ^^^
   |
   = help: put runtime values in structured key/value fields and keep the message static

warning: logging message uses string interpolation
  --> $DIR/logging_macro_ui.rs:75:20
   |
LL |     tracing::warn!("/x7b0/x7d", user);
   |                    ^^^^^^^^^^^
   |
   = help: put runtime values in structured key/value fields and keep the message static

warning: logging message uses string interpolation
  --> $DIR/logging_macro_ui.rs:76:36
   |
LL |     tracing::warn!(concat!('/x7b', "0}"), user);
   |                                    ^^^^
   |
   = help: put runtime values in structured key/value fields and keep the message static

warning: logging message uses string interpolation
  --> $DIR/logging_macro_ui.rs:77:28
   |
LL |     tracing::warn!(concat!("/x7b", "0}"), user);
   |                            ^^^^^^
   |
   = help: put runtime values in structured key/value fields and keep the message static

warning: logging message uses string interpolation
  --> $DIR/logging_macro_ui.rs:79:33
   |
LL |     tracing::info!(std::concat!("qualified {", "}"), user);
   |                                 ^^^^^^^^^^^^^
   |
   = help: put runtime values in structured key/value fields and keep the message static

warning: logging message uses string interpolation
  --> $DIR/logging_macro_ui.rs:80:34
   |
LL |     tracing::info!(core::concat!("qualified {", "}"), user);
   |                                  ^^^^^^^^^^^^^
   |
   = help: put runtime values in structured key/value fields and keep the message static

warning: logging message uses string interpolation
  --> $DIR/logging_macro_ui.rs:81:28
   |
LL |     tracing::info!(concat!["bracket {", "}"], user);
   |                            ^^^^^^^^^^^
   |
   = help: put runtime values in structured key/value fields and keep the message static

warning: logging message uses string interpolation
  --> $DIR/logging_macro_ui.rs:82:34
   |
LL |     tracing::info!(std::concat! {"brace {", "}"}, user);
   |                                  ^^^^^^^^^
   |
   = help: put runtime values in structured key/value fields and keep the message static

warning: logging message uses string interpolation
  --> $DIR/logging_macro_ui.rs:83:35
   |
LL |     tracing::info!(::std::concat!("absolute {", "}"), user);
   |                                   ^^^^^^^^^^^^
   |
   = help: put runtime values in structured key/value fields and keep the message static

warning: 17 warnings emitted

