warning: this unique plugin is added twice in the same chain
  --> $DIR/main.rs:89:33
   |
LL |     app.add_plugins(GamePlugin).add_plugins(GamePlugin);
   |                                 ^^^^^^^^^^^
   |
   = note: `#[warn(bevy_duplicate_plugin_addition)]` on by default
help: remove the duplicate `add_plugins` call
   |
LL -     app.add_plugins(GamePlugin).add_plugins(GamePlugin);
LL +     app.add_plugins(GamePlugin);
   |

warning: this unique plugin is added twice in the same chain
  --> $DIR/main.rs:90:36
   |
LL |     app.add_plugins(game_plugin()).add_plugins(game_plugin());
   |                                    ^^^^^^^^^^^
   |
   = help: remove the duplicate `add_plugins` call

warning: this app already has this unique plugin
  --> $DIR/main.rs:105:9
   |
LL |     app.add_plugins(GenericPlugin::<u8>(PhantomData));
   |         ^^^^^^^^^^^
   |
   = help: remove this duplicate `add_plugins` call

warning: this unique plugin is added twice in the same chain
  --> $DIR/main.rs:107:10
   |
LL |         .add_plugins(GenericPlugin::<u8>(PhantomData));
   |          ^^^^^^^^^^^
   |
   = help: remove the duplicate `add_plugins` call

warning: this tuple adds the same unique plugin type more than once
  --> $DIR/main.rs:108:9
   |
LL |     app.add_plugins((
   |         ^^^^^^^^^^^
   |
   = help: remove one of the duplicate plugins from the tuple

warning: this app already has this unique plugin
  --> $DIR/main.rs:126:9
   |
LL |     app.add_plugins(BlanketGenericPlugin::<u8>(PhantomData));
   |         ^^^^^^^^^^^
   |
   = help: remove this duplicate `add_plugins` call

warning: this tuple adds the same unique plugin type more than once
  --> $DIR/main.rs:146:9
   |
LL |     app.add_plugins((GamePlugin, GamePlugin));
   |         ^^^^^^^^^^^
   |
   = help: remove one of the duplicate plugins from the tuple

warning: this app already has this unique plugin
  --> $DIR/main.rs:156:11
   |
LL |     other.add_plugins(AudioPlugin);
   |           ^^^^^^^^^^^
   |
   = help: remove this duplicate `add_plugins` call

warning: this tuple adds the same unique plugin type more than once
  --> $DIR/main.rs:155:9
   |
LL |     app.add_plugins((GamePlugin, GamePlugin));
   |         ^^^^^^^^^^^
   |
   = help: remove one of the duplicate plugins from the tuple

warning: this app already has this unique plugin
  --> $DIR/main.rs:162:9
   |
LL |     app.add_plugins(GamePlugin);
   |         ^^^^^^^^^^^
   |
   = help: remove this duplicate `add_plugins` call

warning: this app already has this unique plugin
  --> $DIR/main.rs:169:9
   |
LL |     app.add_plugins(AudioPlugin);
   |         ^^^^^^^^^^^
   |
   = help: remove this duplicate `add_plugins` call

warning: this app already has this unique plugin
  --> $DIR/main.rs:175:9
   |
LL |     app.add_plugins(game_plugin());
   |         ^^^^^^^^^^^
   |
   = help: remove this duplicate `add_plugins` call

warning: 12 warnings emitted

