warning: SQLx `column` panics for an invalid index or name
  --> $DIR/main.rs:10:19
   |
LL |     TestStatement.column(0);
   |                   ^^^^^^
   |
   = help: use `try_column` and handle or propagate the error
   = note: `#[warn(sqlx_panicking_statement_column)]` on by default

warning: SQLx `column` panics for an invalid index or name
  --> $DIR/main.rs:12:13
   |
LL |     TestRow.column("name");
   |             ^^^^^^
   |
   = help: use `try_column` and handle or propagate the error

warning: SQLx `column` panics for an invalid index or name
  --> $DIR/main.rs:14:19
   |
LL |     OverriddenRow.column(0);
   |                   ^^^^^^
   |
   = help: use `try_column` and handle or propagate the error

warning: 3 warnings emitted

