warning: this unit component does not implement `Clone`
  --> $DIR/main.rs:23:1
   |
LL | struct Missing;
   | ^^^^^^^^^^^^^^
   |
note: the lint level is defined here
  --> $DIR/main.rs:11:9
   |
LL | #![warn(bevy_missing_clone_for_unit_component)]
   |         ^^^^^^^^^^^^^^^^^^^^^^^^^^^^^^^^^^^^^
help: derive or implement `Clone`
   |
LL + #[derive(Clone)]
LL | struct Missing;
   |

warning: this unit component does not implement `Clone`
  --> $DIR/main.rs:27:1
   |
LL | pub struct DocumentedMissing;
   | ^^^^^^^^^^^^^^^^^^^^^^^^^^^^
   |
help: derive or implement `Clone`
   |
LL + #[derive(Clone)]
LL | pub struct DocumentedMissing;
   |

warning: this unit component does not implement `Clone`
  --> $DIR/main.rs:18:9
   |
LL |         struct $name;
   |         ^^^^^^^^^^^^^
...
LL | marker!(GeneratedMissing);
   | ------------------------- in this macro invocation
   |
   = help: derive or implement `Clone`
   = note: this warning originates in the macro `marker` (in Nightly builds, run with -Z macro-backtrace for more info)

warning: 3 warnings emitted

