warning: function has Cyclomatic Complexity 12, which exceeds 9
  --> $DIR/main.rs:5:1
   |
LL | / fn exceeds_limit(a: bool, b: bool, c: bool, d: bool, e: bool, f: bool) -> usize {
LL | |     let mut score = 0;
LL | |     if a {
LL | |         score += 1;
...  |
LL | |     score
LL | | }
   | |_^
   |
   = help: split independent decisions into smaller functions or typed state transitions
   = note: `#[warn(cyclomatic_complexity)]` on by default

warning: function has Cyclomatic Complexity 10, which exceeds 9
  --> $DIR/main.rs:32:1
   |
LL | / fn decisions_in_macro_arguments(flags: [bool; 10]) {
LL | |     println!("{}", flags[0] && flags[1] && flags[2] && flags[3] && flags[4] && flags[5] && flags[6] && flags[7] && flags[8] && fla...
LL | | }
   | |_^
   |
   = help: split independent decisions into smaller functions or typed state transitions

warning: 2 warnings emitted

