warning: a field named `source` is already the error source
  --> $DIR/main.rs:10:5
   |
LL |       #[source]
   |  _____-^^^^^^^^
LL | |     source: std::io::Error,
   | |____- help: remove the redundant `#[source]` attribute
   |
   = note: `#[warn(thiserror_redundant_named_source)]` on by default

warning: a field named `source` is already the error source
  --> $DIR/main.rs:18:9
   |
LL |           #[source]
   |  _________-^^^^^^^^
LL | |         source: std::io::Error,
   | |________- help: remove the redundant `#[source]` attribute

warning: a field named `source` is already the error source
  --> $DIR/main.rs:30:9
   |
LL |           #[source]
   |  _________-^^^^^^^^
LL | |         source: std::io::Error,
   | |________- help: remove the redundant `#[source]` attribute

warning: 3 warnings emitted

