warning: this `Settings` value discards inherited configuration
  --> $DIR/main.rs:8:13
   |
LL |     let _ = insta::Settings::new();
   |             ^^^^^^^^^^^^^^^^^---^^
   |                              |
   |                              help: use `Settings::clone_current`: `clone_current`
   |
   = note: `#[warn(insta_settings_new)]` on by default

warning: this `Settings` value discards inherited configuration
  --> $DIR/main.rs:9:13
   |
LL |     let _ = Settings::default();
   |             ^^^^^^^^^^-------^^
   |                       |
   |                       help: use `Settings::clone_current`: `clone_current`

warning: this `Settings` value discards inherited configuration
  --> $DIR/main.rs:10:13
   |
LL |     let _ = Alias::new();
   |             ^^^^^^^---^^
   |                    |
   |                    help: use `Settings::clone_current`: `clone_current`

warning: this `Settings` value discards inherited configuration
  --> $DIR/main.rs:11:23
   |
LL |     let _: Settings = Default::default();
   |                       ^^^^^^^^^^^^^^^^^^
   |
   = help: use `Settings::clone_current()`

warning: this `Settings` value discards inherited configuration
  --> $DIR/main.rs:12:13
   |
LL |     let _ = <Settings as Default>::default();
   |             ^^^^^^^^^^^^^^^^^^^^^^^^^^^^^^^^
   |
   = help: use `Settings::clone_current()`

warning: 5 warnings emitted

