warning: `thiserror` can forward this source transparently
  --> $DIR/main.rs:10:1
   |
LL | #[error("{source}")]
   | ^^^^^^^^^^^^^^^^^^^^ help: replace the manual display forwarding with `#[error(transparent)]`: `#[error(transparent)]`
   |
   = note: `#[warn(thiserror_transparent_single_source_display)]` on by default

warning: `thiserror` can forward this source transparently
  --> $DIR/main.rs:17:1
   |
LL | #[error("{inner}")]
   | ^^^^^^^^^^^^^^^^^^^ help: replace the manual display forwarding with `#[error(transparent)]`: `#[error(transparent)]`

warning: `thiserror` can forward this source transparently
  --> $DIR/main.rs:24:1
   |
LL | #[error("{0}")]
   | ^^^^^^^^^^^^^^^ help: replace the manual display forwarding with `#[error(transparent)]`: `#[error(transparent)]`

warning: `thiserror` can forward this source transparently
  --> $DIR/main.rs:32:9
   |
LL |         #[error("{0}")]
   |         ^^^^^^^^^^^^^^^ help: replace the manual display forwarding with `#[error(transparent)]`: `#[error(transparent)]`

warning: `thiserror` can forward this source transparently
  --> $DIR/main.rs:38:1
   |
LL | #[error("{0}")]
   | ^^^^^^^^^^^^^^^
   |
   = help: replace the manual display forwarding with `#[error(transparent)]`

warning: 5 warnings emitted

