warning: this Schemars attribute duplicates Serde
  --> $DIR/main.rs:8:1
   |
LL |   #[schemars(rename_all = "camelCase")]
   |  _-^^^^^^^^^^^^^^^^^^^^^^^^^^^^^^^^^^^^
LL | | struct Example {
   | |_- help: remove the redundant Schemars attribute
   |
   = note: `#[warn(schemars_redundant_serde_rename_all)]` on by default

warning: this Schemars attribute duplicates Serde
  --> $DIR/main.rs:24:5
   |
LL |     #[schemars(deny_unknown_fields, /* keep this policy */ rename_all = r#"camelCase"#)]
   |     ^^^^^^^^^^^^^^^^^^^^^^^^^^^^^^^^^^^^^^^^^^^^^^^^^^^^^^^^^^^^^^^^^^^^^^^^^^^^^^^^^^^^
   |
help: remove the redundant Schemars entry
   |
LL -     #[schemars(deny_unknown_fields, /* keep this policy */ rename_all = r#"camelCase"#)]
LL +     #[schemars(deny_unknown_fields /* keep this policy */ )]
   |

warning: 2 warnings emitted

