warning: this API returns a boxed future
  --> $DIR/edge_cases.rs:9:23
   |
LL |     fn load(&self) -> Pin<Box<dyn Future<Output = usize> + Send + '_>>;
   |                       ^^^^^^^^^^^^^^^^^^^^^^^^^^^^^^^^^^^^^^^^^^^^^^^^
   |
   = help: prefer `async fn`, native async trait methods, or `async-trait` unless boxing is req$DIRred
   = note: `#[warn(boxed_future_return)]` on by default

warning: this API returns a boxed future
  --> $DIR/edge_cases.rs:13:22
   |
LL |     fn run(&self) -> Pin<Box<dyn Future<Output = ()> + '_>> {
   |                      ^^^^^^^^^^^^^^^^^^^^^^^^^^^^^^^^^^^^^^
   |
   = help: prefer `async fn`, native async trait methods, or `async-trait` unless boxing is req$DIRred

warning: this API returns a boxed future
  --> $DIR/edge_cases.rs:23:23
   |
LL |     fn load(&self) -> Pin<Box<dyn Future<Output = usize> + Send + '_>> {
   |                       ^^^^^^^^^^^^^^^^^^^^^^^^^^^^^^^^^^^^^^^^^^^^^^^^
   |
   = help: prefer `async fn`, native async trait methods, or `async-trait` unless boxing is req$DIRred

warning: 3 warnings emitted

