warning: this Schemars attribute duplicates Serde
  --> $DIR/main.rs:17:5
   |
LL |       #[schemars(default)]
   |  _____-^^^^^^^^^^^^^^^^^^^
LL | |     bad: String,
   | |____- help: remove the redundant Schemars attribute
   |
   = note: `#[warn(schemars_redundant_serde_default)]` on by default

warning: this Schemars attribute duplicates Serde
  --> $DIR/main.rs:26:5
   |
LL |       #[schemars(default = r#"default_text"#)]
   |  _____-^^^^^^^^^^^^^^^^^^^^^^^^^^^^^^^^^^^^^^^
LL | |     matching: String,
   | |____- help: remove the redundant Schemars attribute

warning: this Schemars attribute duplicates Serde
  --> $DIR/main.rs:41:13
   |
LL |             #[schemars(default)]
   |             ^^^^^^^^^^^^^^^^^^^^
...
LL | duplicate_default!(MacroExample);
   | -------------------------------- in this macro invocation
   |
   = help: remove the redundant Schemars attribute
   = note: this warning originates in the macro `duplicate_default` (in Nightly builds, run with -Z macro-backtrace for more info)

warning: this Schemars attribute duplicates Serde
  --> $DIR/main.rs:57:9
   |
LL |         #[schemars(default, /* keep this override */ rename = "https://schema,name")]
   |         ^^^^^^^^^^^^^^^^^^^^^^^^^^^^^^^^^^^^^^^^^^^^^^^^^^^^^^^^^^^^^^^^^^^^^^^^^^^^^
   |
help: remove the redundant Schemars entry
   |
LL -         #[schemars(default, /* keep this override */ rename = "https://schema,name")]
LL +         #[schemars( /* keep this override */ rename = "https://schema,name")]
   |

warning: 4 warnings emitted

