warning: this Schemars attribute duplicates Serde
  --> $DIR/main.rs:9:5
   |
LL |       #[schemars(default)]
   |  _____-^^^^^^^^^^^^^^^^^^^
LL | |     bad: String,
   | |____- help: remove the redundant Schemars attribute
   |
   = note: `#[warn(schemars_redundant_serde_default)]` on by default

warning: this Schemars attribute duplicates Serde
  --> $DIR/main.rs:20:13
   |
LL |             #[schemars(default)]
   |             ^^^^^^^^^^^^^^^^^^^^
...
LL | duplicate_default!(MacroExample);
   | -------------------------------- in this macro invocation
   |
   = help: remove the redundant Schemars attribute
   = note: this warning originates in the macro `duplicate_default` (in Nightly builds, run with -Z macro-backtrace for more info)

warning: 2 warnings emitted

