warning: this Schemars attribute duplicates Serde
  --> $DIR/main.rs:8:1
   |
LL |   #[schemars(tag = "kind")]
   |  _-^^^^^^^^^^^^^^^^^^^^^^^^
LL | | enum Example {
   | |_- help: remove the redundant Schemars attribute
   |
   = note: `#[warn(schemars_redundant_serde_tag)]` on by default

warning: this Schemars attribute duplicates Serde
  --> $DIR/main.rs:23:5
   |
LL |     #[schemars(content = "schema-payload", /* keep this content key */ tag = "https://kind,name",)]
   |     ^^^^^^^^^^^^^^^^^^^^^^^^^^^^^^^^^^^^^^^^^^^^^^^^^^^^^^^^^^^^^^^^^^^^^^^^^^^^^^^^^^^^^^^^^^^^^^^
   |
help: remove the redundant Schemars entry
   |
LL -     #[schemars(content = "schema-payload", /* keep this content key */ tag = "https://kind,name",)]
LL +     #[schemars(content = "schema-payload", /* keep this content key */ )]
   |

warning: 2 warnings emitted

