warning: `thiserror` can forward this source transparently
  --> $DIR/main.rs:12:1
   |
LL | #[error("{source}")]
   | ^^^^^^^^^^^^^^^^^^^^ help: replace the manual display forwarding with `#[error(transparent)]`: `#[error(transparent)]`
   |
   = note: `#[warn(thiserror_transparent_single_source_display)]` on by default

warning: `thiserror` can forward this source transparently
  --> $DIR/main.rs:19:1
   |
LL | #[error("{source}")]
   | ^^^^^^^^^^^^^^^^^^^^ help: replace the manual display forwarding with `#[error(transparent)]`: `#[error(transparent)]`

warning: `thiserror` can forward this source transparently
  --> $DIR/main.rs:26:1
   |
LL | #[error("{0}")]
   | ^^^^^^^^^^^^^^^ help: replace the manual display forwarding with `#[error(transparent)]`: `#[error(transparent)]`

warning: `thiserror` can forward this source transparently
  --> $DIR/main.rs:31:5
   |
LL |     #[error("{0}")]
   |     ^^^^^^^^^^^^^^^ help: replace the manual display forwarding with `#[error(transparent)]`: `#[error(transparent)]`

warning: `thiserror` can forward this source transparently
  --> $DIR/main.rs:59:1
   |
LL | #[error("{0}")]
   | ^^^^^^^^^^^^^^^
   |
   = help: replace the manual display forwarding with `#[error(transparent)]`

warning: `thiserror` can forward this source transparently
  --> $DIR/main.rs:63:1
   |
LL | #[error("{source}")]
   | ^^^^^^^^^^^^^^^^^^^^
   |
   = help: replace the manual display forwarding with `#[error(transparent)]`

warning: 6 warnings emitted

