warning: function has source Cognitive Complexity 21, which exceeds 14
  --> $DIR/main.rs:3:1
   |
LL | / fn too_nested(a: bool, b: bool, c: bool, d: bool, e: bool, f: bool) {
LL | |     if a {
LL | |         if b {
LL | |             if c {
...  |
LL | | }
   | |_^
   |
   = help: flatten nested control flow or extract a named operation
   = note: `#[warn(source_cognitive_complexity)]` on by default

warning: function has source Cognitive Complexity 15, which exceeds 14
  --> $DIR/main.rs:17:1
   |
LL | / fn nesting_in_macro_arguments(a: [bool; 5]) {
LL | |     println!(
LL | |         "{}",
LL | |         if a[0] {
...  |
LL | |     );
LL | | }
   | |_^
   |
   = help: flatten nested control flow or extract a named operation

warning: 2 warnings emitted

